Component: ARM Compiler 5.06 update 7 (build 960) Tool: armlink [4d3601]

==============================================================================

Section Cross References

    aht10.o(i.AHT10_Init) refers to aht10.o(i.IIC_Init) for IIC_Init
    aht10.o(i.AHT10_Init) refers to aht10.o(i.AHT10_Write_Data) for AHT10_Write_Data
    aht10.o(i.AHT10_Init) refers to stm32l4xx_hal.o(i.HAL_Delay) for HAL_Delay
    aht10.o(i.AHT10_ReadOneByte) refers to aht10.o(i.IIC_Start) for IIC_Start
    aht10.o(i.AHT10_ReadOneByte) refers to aht10.o(i.IIC_Send_Byte) for IIC_Send_Byte
    aht10.o(i.AHT10_ReadOneByte) refers to aht10.o(i.IIC_Wait_Ack) for IIC_Wait_Ack
    aht10.o(i.AHT10_ReadOneByte) refers to aht10.o(i.IIC_Stop) for IIC_Stop
    aht10.o(i.AHT10_ReadOneByte) refers to aht10.o(i.IIC_Read_Byte) for IIC_Read_Byte
    aht10.o(i.AHT10_Read_Data) refers to aht10.o(i.IIC_Start) for IIC_Start
    aht10.o(i.AHT10_Read_Data) refers to aht10.o(i.IIC_Send_Byte) for IIC_Send_Byte
    aht10.o(i.AHT10_Read_Data) refers to aht10.o(i.IIC_Wait_Ack) for IIC_Wait_Ack
    aht10.o(i.AHT10_Read_Data) refers to aht10.o(i.IIC_Stop) for IIC_Stop
    aht10.o(i.AHT10_Read_Data) refers to aht10.o(i.IIC_Read_Byte) for IIC_Read_Byte
    aht10.o(i.AHT10_Read_Humidity) refers to aht10.o(i.AHT10_Write_Data) for AHT10_Write_Data
    aht10.o(i.AHT10_Read_Humidity) refers to aht10.o(i.AHT10_Read_Data) for AHT10_Read_Data
    aht10.o(i.AHT10_Read_Humidity) refers to dflti.o(.text) for __aeabi_i2d
    aht10.o(i.AHT10_Read_Humidity) refers to dmul.o(.text) for __aeabi_dmul
    aht10.o(i.AHT10_Read_Humidity) refers to ddiv.o(.text) for __aeabi_ddiv
    aht10.o(i.AHT10_Read_Humidity) refers to d2f.o(.text) for __aeabi_d2f
    aht10.o(i.AHT10_Read_Temperature) refers to aht10.o(i.AHT10_Write_Data) for AHT10_Write_Data
    aht10.o(i.AHT10_Read_Temperature) refers to aht10.o(i.AHT10_Read_Data) for AHT10_Read_Data
    aht10.o(i.AHT10_Read_Temperature) refers to dflti.o(.text) for __aeabi_i2d
    aht10.o(i.AHT10_Read_Temperature) refers to dmul.o(.text) for __aeabi_dmul
    aht10.o(i.AHT10_Read_Temperature) refers to ddiv.o(.text) for __aeabi_ddiv
    aht10.o(i.AHT10_Read_Temperature) refers to dadd.o(.text) for __aeabi_dsub
    aht10.o(i.AHT10_Read_Temperature) refers to d2f.o(.text) for __aeabi_d2f
    aht10.o(i.AHT10_Write_Data) refers to aht10.o(i.IIC_Start) for IIC_Start
    aht10.o(i.AHT10_Write_Data) refers to aht10.o(i.IIC_Send_Byte) for IIC_Send_Byte
    aht10.o(i.AHT10_Write_Data) refers to aht10.o(i.IIC_Wait_Ack) for IIC_Wait_Ack
    aht10.o(i.AHT10_Write_Data) refers to aht10.o(i.IIC_Stop) for IIC_Stop
    aht10.o(i.IIC_Ack) refers to stm32l4xx_hal_gpio.o(i.HAL_GPIO_WritePin) for HAL_GPIO_WritePin
    aht10.o(i.IIC_Ack) refers to aht10.o(i.IIC_Delay) for IIC_Delay
    aht10.o(i.IIC_Delay) refers to stm32l4xx_hal.o(i.HAL_Delay) for HAL_Delay
    aht10.o(i.IIC_Init) refers to stm32l4xx_hal_gpio.o(i.HAL_GPIO_Init) for HAL_GPIO_Init
    aht10.o(i.IIC_Init) refers to stm32l4xx_hal_gpio.o(i.HAL_GPIO_WritePin) for HAL_GPIO_WritePin
    aht10.o(i.IIC_NAck) refers to stm32l4xx_hal_gpio.o(i.HAL_GPIO_WritePin) for HAL_GPIO_WritePin
    aht10.o(i.IIC_NAck) refers to aht10.o(i.IIC_Delay) for IIC_Delay
    aht10.o(i.IIC_Read_Byte) refers to stm32l4xx_hal_gpio.o(i.HAL_GPIO_WritePin) for HAL_GPIO_WritePin
    aht10.o(i.IIC_Read_Byte) refers to aht10.o(i.IIC_Delay) for IIC_Delay
    aht10.o(i.IIC_Read_Byte) refers to stm32l4xx_hal_gpio.o(i.HAL_GPIO_ReadPin) for HAL_GPIO_ReadPin
    aht10.o(i.IIC_Read_Byte) refers to aht10.o(i.IIC_NAck) for IIC_NAck
    aht10.o(i.IIC_Read_Byte) refers to aht10.o(i.IIC_Ack) for IIC_Ack
    aht10.o(i.IIC_Send_Byte) refers to stm32l4xx_hal_gpio.o(i.HAL_GPIO_WritePin) for HAL_GPIO_WritePin
    aht10.o(i.IIC_Send_Byte) refers to aht10.o(i.IIC_Delay) for IIC_Delay
    aht10.o(i.IIC_Start) refers to stm32l4xx_hal_gpio.o(i.HAL_GPIO_WritePin) for HAL_GPIO_WritePin
    aht10.o(i.IIC_Start) refers to aht10.o(i.IIC_Delay) for IIC_Delay
    aht10.o(i.IIC_Stop) refers to stm32l4xx_hal_gpio.o(i.HAL_GPIO_WritePin) for HAL_GPIO_WritePin
    aht10.o(i.IIC_Stop) refers to aht10.o(i.IIC_Delay) for IIC_Delay
    aht10.o(i.IIC_Wait_Ack) refers to stm32l4xx_hal_gpio.o(i.HAL_GPIO_WritePin) for HAL_GPIO_WritePin
    aht10.o(i.IIC_Wait_Ack) refers to aht10.o(i.IIC_Delay) for IIC_Delay
    aht10.o(i.IIC_Wait_Ack) refers to aht10.o(i.IIC_Stop) for IIC_Stop
    aht10.o(i.IIC_Wait_Ack) refers to stm32l4xx_hal_gpio.o(i.HAL_GPIO_ReadPin) for HAL_GPIO_ReadPin
    esp8266.o(i.ESP8266_Clear) refers to memseta.o(.text) for __aeabi_memclr
    esp8266.o(i.ESP8266_Clear) refers to esp8266.o(.bss) for esp8266_buf
    esp8266.o(i.ESP8266_Clear) refers to esp8266.o(.data) for esp8266_cnt
    esp8266.o(i.ESP8266_ExitTouChuan) refers to printfa.o(i.__0printf) for __2printf
    esp8266.o(i.ESP8266_ExitTouChuan) refers to esp8266.o(i.ESP8266_SendString) for ESP8266_SendString
    esp8266.o(i.ESP8266_ExitTouChuan) refers to stm32l4xx_hal.o(i.HAL_Delay) for HAL_Delay
[...]
    .data                                    0x2000002c   Section        4  usart.o(.data)
    .data                                    0x20000030   Section       12  cjson.o(.data)
    ep                                       0x20000030   Data           4  cjson.o(.data)
    cJSON_malloc                             0x20000034   Data           4  cjson.o(.data)
    cJSON_free                               0x20000038   Data           4  cjson.o(.data)
    .data                                    0x2000003c   Section        9  stm32l4xx_hal.o(.data)
    .data                                    0x20000048   Section        4  system_stm32l4xx.o(.data)
    .data                                    0x2000004c   Section       60  tasks.o(.data)
    pxDelayedTaskList                        0x20000050   Data           4  tasks.o(.data)
    pxOverflowDelayedTaskList                0x20000054   Data           4  tasks.o(.data)
    uxDeletedTasksWaitingCleanUp             0x20000058   Data           4  tasks.o(.data)
    uxCurrentNumberOfTasks                   0x2000005c   Data           4  tasks.o(.data)
    xTickCount                               0x20000060   Data           4  tasks.o(.data)
    uxTopReadyPriority                       0x20000064   Data           4  tasks.o(.data)
    xSchedulerRunning                        0x20000068   Data           4  tasks.o(.data)
    xPendedTicks                             0x2000006c   Data           4  tasks.o(.data)
    xYieldPending                            0x20000070   Data           4  tasks.o(.data)
    xNumOfOverflows                          0x20000074   Data           4  tasks.o(.data)
    uxTaskNumber                             0x20000078   Data           4  tasks.o(.data)
    xNextTaskUnblockTime                     0x2000007c   Data           4  tasks.o(.data)
    xIdleTaskHandle                          0x20000080   Data           4  tasks.o(.data)
    uxSchedulerSuspended                     0x20000084   Data           4  tasks.o(.data)
    .data                                    0x20000088   Section       32  heap_4.o(.data)
    xStart                                   0x20000088   Data           8  heap_4.o(.data)
    pxEnd                                    0x20000090   Data           4  heap_4.o(.data)
    xFreeBytesRemaining                      0x20000094   Data           4  heap_4.o(.data)
    xMinimumEverFreeBytesRemaining           0x20000098   Data           4  heap_4.o(.data)
    xNumberOfSuccessfulAllocations           0x2000009c   Data           4  heap_4.o(.data)
    xNumberOfSuccessfulFrees                 0x200000a0   Data           4  heap_4.o(.data)
    xBlockAllocatedBit                       0x200000a4   Data           4  heap_4.o(.data)
    .data                                    0x200000a8   Section       12  port.o(.data)
    uxCriticalNesting                        0x200000a8   Data           4  port.o(.data)
    ucMaxSysCallPriority                     0x200000ac   Data           1  port.o(.data)
    ulMaxPRIGROUPValue                       0x200000b0   Data           4  port.o(.data)
    .data                                    0x200000b4   Section        4  mvars.o(.data)
    .data                                    0x200000b8   Section        4  mvars.o(.data)
    .data                                    0x200000bc   Section        4  errno.o(.data)
    _errno                                   0x200000bc   Data           4  errno.o(.data)
    .bss                                     0x200000c0   Section     1024  esp8266.o(.bss)
    .bss                                     0x200004c0   Section     1152  lcd.o(.bss)
    lcd_buf                                  0x200004c0   Data        1152  lcd.o(.bss)
    .bss                                     0x20000940   Section      330  deel_mqtt.o(.bss)
    .bss                                     0x20000a8c   Section       12  iot_emqx.o(.bss)
    .bss                                     0x20000a98   Section      660  freertos.o(.bss)
    xIdleTaskTCBBuffer                       0x20000ad8   Data          84  freertos.o(.bss)
    xIdleStack                               0x20000b2c   Data         512  freertos.o(.bss)
    .bss                                     0x20000d2c   Section      100  spi.o(.bss)
    .bss                                     0x20000d90   Section      264  usart.o(.bss)
    .bss                                     0x20000e98   Section       76  stm32l4xx_hal_timebase_tim.o(.bss)
    .bss                                     0x20000ee4   Section      240  tasks.o(.bss)
    pxReadyTasksLists                        0x20000ee4   Data         140  tasks.o(.bss)
    xDelayedTaskList1                        0x20000f70   Data          20  tasks.o(.bss)
    xDelayedTaskList2                        0x20000f84   Data          20  tasks.o(.bss)
    xPendingReadyList                        0x20000f98   Data          20  tasks.o(.bss)
    xTasksWaitingTermination                 0x20000fac   Data          20  tasks.o(.bss)
    xSuspendedTaskList                       0x20000fc0   Data          20  tasks.o(.bss)
    .bss                                     0x20000fd4   Section     3000  heap_4.o(.bss)
    ucHeap                                   0x20000fd4   Data        3000  heap_4.o(.bss)
    HEAP                                     0x20001b90   Section     2560  startup_stm32l475xx.o(HEAP)
    STACK                                    0x20002590   Section     2560  startup_stm32l475xx.o(STACK)
    .ARM.__AT_0x68000000                     0x68000000   Section    40960  malloc.o(.ARM.__AT_0x68000000)
    .ARM.__AT_0x6800A000                     0x6800a000   Section     2560  malloc.o(.ARM.__AT_0x6800A000)

    Global Symbols

    Symbol Name                              Value     Ov Type        Size  Object(Section)

    BuildAttributes$$THM_ISAv4$E$P$D$K$B$S$7EM$VFPi3$EXTD16$VFPS$VFMA$PE$A:L22UL41UL21$X:L11$S22US41US21$IEEE1$IW$USESV6$~STKCKD$USESV7$~SHL$OTIME$ROPI$IEEEX$EBA8$MICROLIB$REQ8$PRES8$EABIv2 0x00000000   Number         0  anon$$obj.o ABSOLUTE
    __ARM_use_no_argv                        0x00000000   Number         0  main.o ABSOLUTE
    __use_no_errno                           0x00000000   Number         0  useno.o ABSOLUTE
    __use_no_exception_handling              0x00000000   Number         0  useno.o ABSOLUTE
    __use_no_fp                              0x00000000   Number         0  useno.o ABSOLUTE
    __use_no_heap                            0x00000000   Number         0  useno.o ABSOLUTE
    __use_no_heap_region                     0x00000000   Number         0  useno.o ABSOLUTE
    __use_no_semihosting                     0x00000000   Number         0  useno.o ABSOLUTE
    __use_no_semihosting_swi                 0x00000000   Number         0  useno.o ABSOLUTE
    __use_no_signal_handling                 0x00000000   Number         0  useno.o ABSOLUTE
    _printf_a                                0x00000000   Number         0  stubs.o ABSOLUTE
    _printf_c                                0x00000000   Number         0  stubs.o ABSOLUTE
    _printf_charcount                        0x00000000   Number         0  stubs.o ABSOLUTE
    _printf_d                                0x00000000   Number         0  stubs.o ABSOLUTE
    _printf_e                                0x00000000   Number         0  stubs.o ABSOLUTE
    _printf_f                                0x00000000   Number         0  stubs.o ABSOLUTE
    _printf_flags                            0x00000000   Number         0  stubs.o ABSOLUTE
    _printf_fp_dec                           0x00000000   Number         0  stubs.o ABSOLUTE
    _printf_fp_hex                           0x00000000   Number         0  stubs.o ABSOLUTE
    _printf_g                                0x00000000   Number         0  stubs.o ABSOLUTE
    _printf_i                                0x00000000   Number         0  stubs.o ABSOLUTE
    _printf_int_dec                          0x00000000   Number         0  stubs.o ABSOLUTE
    _printf_l                                0x00000000   Number         0  stubs.o ABSOLUTE
    _printf_lc                               0x00000000   Number         0  stubs.o ABSOLUTE
    _printf_ll                               0x00000000   Number         0  stubs.o ABSOLUTE
    _printf_lld                              0x00000000   Number         0  stubs.o ABSOLUTE
    _printf_lli                              0x00000000   Number         0  stubs.o ABSOLUTE
    _printf_llo                              0x00000000   Number         0  stubs.o ABSOLUTE
    _printf_llu                              0x00000000   Number         0  stubs.o ABSOLUTE
    _printf_llx                              0x00000000   Number         0  stubs.o ABSOLUTE
    _printf_longlong_dec                     0x00000000   Number         0  stubs.o ABSOLUTE
    _printf_longlong_hex                     0x00000000   Number         0  stubs.o ABSOLUTE
    _printf_longlong_oct                     0x00000000   Number         0  stubs.o ABSOLUTE
    _printf_ls                               0x00000000   Number         0  stubs.o ABSOLUTE
    _printf_mbtowc                           0x00000000   Number         0  stubs.o ABSOLUTE
    _printf_n                                0x00000000   Number         0  stubs.o ABSOLUTE
    _printf_o                                0x00000000   Number         0  stubs.o ABSOLUTE
    _printf_p                                0x00000000   Number         0  stubs.o ABSOLUTE
    _printf_percent                          0x00000000   Number         0  stubs.o ABSOLUTE
    _printf_pre_padding                      0x00000000   Number         0  stubs.o ABSOLUTE
    _printf_return_value                     0x00000000   Number         0  stubs.o ABSOLUTE
    _printf_s                                0x00000000   Number         0  stubs.o ABSOLUTE
    _printf_sizespec                         0x00000000   Number         0  stubs.o ABSOLUTE
    _printf_str                              0x00000000   Number         0  stubs.o ABSOLUTE
    _printf_truncate_signed                  0x00000000   Number         0  stubs.o ABSOLUTE
    _printf_truncate_unsigned                0x00000000   Number         0  stubs.o ABSOLUTE
    _printf_u                                0x00000000   Number         0  stubs.o ABSOLUTE
    _printf_wc                               0x00000000   Number         0  stubs.o ABSOLUTE
    _printf_wctomb                           0x00000000   Number         0  stubs.o ABSOLUTE
    _printf_widthprec                        0x00000000   Number         0  stubs.o ABSOLUTE
    _printf_x                                0x00000000   Number         0  stubs.o ABSOLUTE
    __arm_fini_                               - Undefined Weak Reference
    __cpp_initialize__aeabi_                  - Undefined Weak Reference
    __cxa_finalize                            - Undefined Weak Reference
    __decompress                              - Undefined Weak Reference
    _clock_init                               - Undefined Weak Reference
    _microlib_exit                            - Undefined Weak Reference
    __Vectors_Size                           0x00000188   Number         0  startup_stm32l475xx.o ABSOLUTE
    __Vectors                                0x08000000   Data           4  startup_stm32l475xx.o(RESET)
    __Vectors_End                            0x08000188   Data           0  startup_stm32l475xx.o(RESET)
    __main                                   0x08000189   Thumb Code     0  entry.o(.ARM.Collect$$$$00000000)
    _main_stk                                0x08000189   Thumb Code     0  entry2.o(.ARM.Collect$$$$00000001)
    _main_scatterload                        0x0800018d   Thumb Code     0  entry5.o(.ARM.Collect$$$$00000004)
    __main_after_scatterload                 0x08000191   Thumb Code     0  entry5.o(.ARM.Collect$$$$00000004)
    _main_clock                              0x08000191   Thumb Code     0  entry7b.o(.ARM.Collect$$$$00000008)
    _main_cpp_init                           0x08000191   Thumb Code     0  entry8b.o(.ARM.Collect$$$$0000000A)
    _main_init                               0x08000191   Thumb Code     0  entry9a.o(.ARM.Collect$$$$0000000B)
    __rt_lib_shutdown_fini                   0x08000199   Thumb Code     0  entry12b.o(.ARM.Collect$$$$0000000E)
    __rt_final_cpp                           0x0800019d   Thumb Code     0  entry10a.o(.ARM.Collect$$$$0000000F)
    __rt_final_exit                          0x0800019d   Thumb Code     0  entry11a.o(.ARM.Collect$$$$00000011)
    SVC_Handler                              0x080001a1   Thumb Code    28  port.o(.emb_text)
    __asm___6_port_c_39a90d8d__prvStartFirstTask 0x080001c1   Thumb Code    36  port.o(.emb_text)
    __asm___6_port_c_39a90d8d__prvEnableVFP  0x080001e9   Thumb Code    16  port.o(.emb_text)
    PendSV_Handler                           0x080001fd   Thumb Code    88  port.o(.emb_text)
    vPortGetIPSR                             0x08000259   Thumb Code     6  port.o(.emb_text)
    Reset_Handler                            0x08000281   Thumb Code     8  startup_stm32l475xx.o(.text)
    ADC1_2_IRQHandler                        0x0800029b   Thumb Code     0  startup_stm32l475xx.o(.text)
    ADC3_IRQHandler                          0x0800029b   Thumb Code     0  startup_stm32l475xx.o(.text)
    CAN1_RX0_IRQHandler                      0x0800029b   Thumb Code     0  startup_stm32l475xx.o(.text)
    CAN1_RX1_IRQHandler                      0x0800029b   Thumb Code     0  startup_stm32l475xx.o(.text)
    CAN1_SCE_IRQHandler                      0x0800029b   Thumb Code     0  startup_stm32l475xx.o(.text)
    CAN1_TX_IRQHandler                       0x0800029b   Thumb Code     0  startup_stm32l475xx.o(.text)
    COMP_IRQHandler                          0x0800029b   Thumb Code     0  startup_stm32l475xx.o(.text)
    DFSDM1_FLT0_IRQHandler                   0x0800029b   Thumb Code     0  startup_stm32l475xx.o(.text)
    DFSDM1_FLT1_IRQHandler                   0x0800029b   Thumb Code     0  startup_stm32l475xx.o(.text)
    DFSDM1_FLT2_IRQHandler                   0x0800029b   Thumb Code     0  startup_stm32l475xx.o(.text)
    DFSDM1_FLT3_IRQHandler                   0x0800029b   Thumb Code     0  startup_stm32l475xx.o(.text)
    DMA1_Channel1_IRQHandler                 0x0800029b   Thumb Code     0  startup_stm32l475xx.o(.text)
    DMA1_Channel2_IRQHandler                 0x0800029b   Thumb Code     0  startup_stm32l475xx.o(.text)
    DMA1_Channel3_IRQHandler                 0x0800029b   Thumb Code     0  startup_stm32l475xx.o(.text)
    DMA1_Channel4_IRQHandler                 0x0800029b   Thumb Code     0  startup_stm32l475xx.o(.text)
    DMA1_Channel5_IRQHandler                 0x0800029b   Thumb Code     0  startup_stm32l475xx.o(.text)
    DMA1_Channel6_IRQHandler                 0x0800029b   Thumb Code     0  startup_stm32l475xx.o(.text)
    DMA1_Channel7_IRQHandler                 0x0800029b   Thumb Code     0  startup_stm32l475xx.o(.text)
    DMA2_Channel1_IRQHandler                 0x0800029b   Thumb Code     0  startup_stm32l475xx.o(.text)
    DMA2_Channel2_IRQHandler                 0x0800029b   Thumb Code     0  startup_stm32l475xx.o(.text)
    DMA2_Channel3_IRQHandler                 0x0800029b   Thumb Code     0  startup_stm32l475xx.o(.text)
    DMA2_Channel4_IRQHandler                 0x0800029b   Thumb Code     0  startup_stm32l475xx.o(.text)
    DMA2_Channel5_IRQHandler                 0x0800029b   Thumb Code     0  startup_stm32l475xx.o(.text)
    DMA2_Channel6_IRQHandler                 0x0800029b   Thumb Code     0  startup_stm32l475xx.o(.text)
    DMA2_Channel7_IRQHandler                 0x0800029b   Thumb Code     0  startup_stm32l475xx.o(.text)
    EXTI0_IRQHandler                         0x0800029b   Thumb Code     0  startup_stm32l475xx.o(.text)
    EXTI1_IRQHandler                         0x0800029b   Thumb Code     0  startup_stm32l475xx.o(.text)
    EXTI2_IRQHandler                         0x0800029b   Thumb Code     0  startup_stm32l475xx.o(.text)
    EXTI3_IRQHandler                         0x0800029b   Thumb Code     0  startup_stm32l475xx.o(.text)
    EXTI4_IRQHandler                         0x0800029b   Thumb Code     0  startup_stm32l475xx.o(.text)
    FLASH_IRQHandler                         0x0800029b   Thumb Code     0  startup_stm32l475xx.o(.text)
    FMC_IRQHandler                           0x0800029b   Thumb Code     0  startup_stm32l475xx.o(.text)
    FPU_IRQHandler                           0x0800029b   Thumb Code     0  startup_stm32l475xx.o(.text)
    I2C1_ER_IRQHandler                       0x0800029b   Thumb Code     0  startup_stm32l475xx.o(.text)
    I2C1_EV_IRQHandler                       0x0800029b   Thumb Code     0  startup_stm32l475xx.o(.text)
    I2C2_ER_IRQHandler                       0x0800029b   Thumb Code     0  startup_stm32l475xx.o(.text)
    I2C2_EV_IRQHandler                       0x0800029b   Thumb Code     0  startup_stm32l475xx.o(.text)
    I2C3_ER_IRQHandler                       0x0800029b   Thumb Code     0  startup_stm32l475xx.o(.text)
    I2C3_EV_IRQHandler                       0x0800029b   Thumb Code     0  startup_stm32l475xx.o(.text)
    LPTIM1_IRQHandler                        0x0800029b   Thumb Code     0  startup_stm32l475xx.o(.text)
    LPTIM2_IRQHandler                        0x0800029b   Thumb Code     0  startup_stm32l475xx.o(.text)
    LPUART1_IRQHandler                       0x0800029b   Thumb Code     0  startup_stm32l475xx.o(.text)
    OTG_FS_IRQHandler                        0x0800029b   Thumb Code     0  startup_stm32l475xx.o(.text)
    PVD_PVM_IRQHandler                       0x0800029b   Thumb Code     0  startup_stm32l475xx.o(.text)
    QUADSPI_IRQHandler                       0x0800029b   Thumb Code     0  startup_stm32l475xx.o(.text)
    RCC_IRQHandler                           0x0800029b   Thumb Code     0  startup_stm32l475xx.o(.text)
    RNG_IRQHandler                           0x0800029b   Thumb Code     0  startup_stm32l475xx.o(.text)
    RTC_Alarm_IRQHandler                     0x0800029b   Thumb Code     0  startup_stm32l475xx.o(.text)
    RTC_WKUP_IRQHandler                      0x0800029b   Thumb Code     0  startup_stm32l475xx.o(.text)
    SAI1_IRQHandler                          0x0800029b   Thumb Code     0  startup_stm32l475xx.o(.text)
    SAI2_IRQHandler                          0x0800029b   Thumb Code     0  startup_stm32l475xx.o(.text)
    SDMMC1_IRQHandler                        0x0800029b   Thumb Code     0  startup_stm32l475xx.o(.text)
    SPI1_IRQHandler                          0x0800029b   Thumb Code     0  startup_stm32l475xx.o(.text)
    SPI2_IRQHandler                          0x0800029b   Thumb Code     0  startup_stm32l475xx.o(.text)
    SPI3_IRQHandler                          0x0800029b   Thumb Code     0  startup_stm32l475xx.o(.text)
    SWPMI1_IRQHandler                        0x0800029b   Thumb Code     0  startup_stm32l475xx.o(.text)
    TAMP_STAMP_IRQHandler                    0x0800029b   Thumb Code     0  startup_stm32l475xx.o(.text)
    TIM1_BRK_TIM15_IRQHandler                0x0800029b   Thumb Code     0  startup_stm32l475xx.o(.text)
    TIM1_CC_IRQHandler                       0x0800029b   Thumb Code     0  startup_stm32l475xx.o(.text)
    TIM1_TRG_COM_TIM17_IRQHandler            0x0800029b   Thumb Code     0  startup_stm32l475xx.o(.text)
    TIM2_IRQHandler                          0x0800029b   Thumb Code     0  startup_stm32l475xx.o(.text)
    TIM3_IRQHandler                          0x0800029b   Thumb Code     0  startup_stm32l475xx.o(.text)
    TIM4_IRQHandler                          0x0800029b   Thumb Code     0  startup_stm32l475xx.o(.text)
    TIM5_IRQHandler                          0x0800029b   Thumb Code     0  startup_stm32l475xx.o(.text)
    TIM6_DAC_IRQHandler                      0x0800029b   Thumb Code     0  startup_stm32l475xx.o(.text)
    TIM7_IRQHandler                          0x0800029b   Thumb Code     0  startup_stm32l475xx.o(.text)
    TIM8_BRK_IRQHandler                      0x0800029b   Thumb Code     0  startup_stm32l475xx.o(.text)
    TIM8_CC_IRQHandler                       0x0800029b   Thumb Code     0  startup_stm32l475xx.o(.text)
    TIM8_TRG_COM_IRQHandler                  0x0800029b   Thumb Code     0  startup_stm32l475xx.o(.text)
    TIM8_UP_IRQHandler                       0x0800029b   Thumb Code     0  startup_stm32l475xx.o(.text)
    TSC_IRQHandler                           0x0800029b   Thumb Code     0  startup_stm32l475xx.o(.text)
    UART4_IRQHandler                         0x0800029b   Thumb Code     0  startup_stm32l475xx.o(.text)
    UART5_IRQHandler                         0x0800029b   Thumb Code     0  startup_stm32l475xx.o(.text)
    USART3_IRQHandler                        0x0800029b   Thumb Code     0  startup_stm32l475xx.o(.text)
    WWDG_IRQHandler                          0x0800029b   Thumb Code     0  startup_stm32l475xx.o(.text)
    __aeabi_uldivmod                         0x080002a5   Thumb Code    98  uldiv.o(.text)
    tolower                                  0x0800030d   Thumb Code    12  tolower.o(.text)
    __aeabi_memcpy                           0x08000319   Thumb Code    36  memcpya.o(.text)
    __aeabi_memcpy4                          0x08000319   Thumb Code     0  memcpya.o(.text)
    __aeabi_memcpy8                          0x08000319   Thumb Code     0  memcpya.o(.text)
    __aeabi_memset                           0x0800033d   Thumb Code    14  memseta.o(.text)
    __aeabi_memset4                          0x0800033d   Thumb Code     0  memseta.o(.text)
    __aeabi_memset8                          0x0800033d   Thumb Code     0  memseta.o(.text)
    __aeabi_memclr                           0x0800034b   Thumb Code     4  memseta.o(.text)
    __aeabi_memclr4                          0x0800034b   Thumb Code     0  memseta.o(.text)
    __aeabi_memclr8                          0x0800034b   Thumb Code     0  memseta.o(.text)
    memset                                   0x0800034f   Thumb Code    18  memseta.o(.text)
    strstr                                   0x08000361   Thumb Code    36  strstr.o(.text)
    strchr                                   0x08000385   Thumb Code    20  strchr.o(.text)
    strlen                                   0x08000399   Thumb Code    14  strlen.o(.text)
    strncat                                  0x080003a7   Thumb Code    40  strncat.o(.text)
    strncmp                                  0x080003cf   Thumb Code    30  strncmp.o(.text)
    __aeabi_dadd                             0x080003ed   Thumb Code   322  dadd.o(.text)
    __aeabi_dsub                             0x0800052f   Thumb Code     6  dadd.o(.text)
    __aeabi_drsub                            0x08000535   Thumb Code     6  dadd.o(.text)
    __aeabi_dmul                             0x0800054b   Thumb Code   228  dmul.o(.text)
    __aeabi_ddiv                             0x08000635   Thumb Code   222  ddiv.o(.text)
    __aeabi_i2d                              0x08000713   Thumb Code    34  dflti.o(.text)
    __aeabi_d2iz                             0x08000735   Thumb Code    62  dfixi.o(.text)
    __aeabi_f2d                              0x08000773   Thumb Code    38  f2d.o(.text)
    __aeabi_cdrcmple                         0x08000799   Thumb Code    48  cdrcmple.o(.text)
    __aeabi_d2f                              0x080007c9   Thumb Code    56  d2f.o(.text)
    __aeabi_uidiv                            0x08000801   Thumb Code     0  uidiv.o(.text)
    __aeabi_uidivmod                         0x08000801   Thumb Code    44  uidiv.o(.text)
    __aeabi_llsl                             0x0800082d   Thumb Code    30  llshl.o(.text)
    _ll_shift_l                              0x0800082d   Thumb Code     0  llshl.o(.text)
    __aeabi_llsr                             0x0800084b   Thumb Code    32  llushr.o(.text)
    _ll_ushift_r                             0x0800084b   Thumb Code     0  llushr.o(.text)
    __aeabi_lasr                             0x0800086b   Thumb Code    36  llsshr.o(.text)
    _ll_sshift_r                             0x0800086b   Thumb Code     0  llsshr.o(.text)
    __I$use$fp                               0x0800088f   Thumb Code     0  iusefp.o(.text)
    _float_round                             0x0800088f   Thumb Code    18  fepilogue.o(.text)
    _float_epilogue                          0x080008a1   Thumb Code    92  fepilogue.o(.text)
    _double_round                            0x080008fd   Thumb Code    30  depilogue.o(.text)
    _double_epilogue                         0x0800091b   Thumb Code   156  depilogue.o(.text)
    __ARM_scalbn                             0x080009b7   Thumb Code    46  dscalb.o(.text)
    scalbn                                   0x080009b7   Thumb Code     0  dscalb.o(.text)
    __aeabi_d2ulz                            0x080009e5   Thumb Code    48  dfixul.o(.text)
    __scatterload                            0x08000a15   Thumb Code    28  init.o(.text)
    __scatterload_rt2                        0x08000a15   Thumb Code     0  init.o(.text)
    _dsqrt                                   0x08000a39   Thumb Code   162  dsqrt.o(.text)
    AHT10_Init                               0x08000adb   Thumb Code    78  aht10.o(i.AHT10_Init)
    AHT10_Read_Data                          0x08000b29   Thumb Code    74  aht10.o(i.AHT10_Read_Data)
    AHT10_Read_Temperature                   0x08000b75   Thumb Code   152  aht10.o(i.AHT10_Read_Temperature)
    AHT10_Write_Data                         0x08000c31   Thumb Code    76  aht10.o(i.AHT10_Write_Data)
    BusFault_Handler                         0x08000c7d   Thumb Code     4  stm32l4xx_it.o(i.BusFault_Handler)
    DebugMon_Handler                         0x08000c81   Thumb Code     2  stm32l4xx_it.o(i.DebugMon_Handler)
    EMQX_DevLink                             0x08000c85   Thumb Code   192  iot_emqx.o(i.EMQX_DevLink)
    EMQX_Publish                             0x08000ebd   Thumb Code    74  iot_emqx.o(i.EMQX_Publish)
    EMQX_RevPro                              0x08000f09   Thumb Code   800  iot_emqx.o(i.EMQX_RevPro)
    EMQX_Subscribe                           0x0800148d   Thumb Code    78  iot_emqx.o(i.EMQX_Subscribe)
    ESP8266_Clear                            0x080014f5   Thumb Code    20  esp8266.o(i.ESP8266_Clear)
    ESP8266_ExitTouChuan                     0x08001511   Thumb Code    34  esp8266.o(i.ESP8266_ExitTouChuan)
    ESP8266_GetIPD                           0x08001549   Thumb Code    66  esp8266.o(i.ESP8266_GetIPD)
    ESP8266_Init_SmartConfig                 0x08001599   Thumb Code   124  esp8266.o(i.ESP8266_Init_SmartConfig)
    ESP8266_Init_after_SmartConfig           0x08001695   Thumb Code    96  esp8266.o(i.ESP8266_Init_after_SmartConfig)
    ESP8266_SendBuf                          0x08001781   Thumb Code    26  esp8266.o(i.ESP8266_SendBuf)
    ESP8266_SendCmd                          0x080017a1   Thumb Code    96  esp8266.o(i.ESP8266_SendCmd)
    ESP8266_SendString                       0x08001829   Thumb Code    26  esp8266.o(i.ESP8266_SendString)
    ESP8266_WaitRecive                       0x08001845   Thumb Code    42  esp8266.o(i.ESP8266_WaitRecive)
    EXTI15_10_IRQHandler                     0x08001879   Thumb Code    20  stm32l4xx_it.o(i.EXTI15_10_IRQHandler)
    EXTI9_5_IRQHandler                       0x0800188d   Thumb Code    20  stm32l4xx_it.o(i.EXTI9_5_IRQHandler)
    Error_Handler                            0x080018a1   Thumb Code     6  main.o(i.Error_Handler)
    HAL_DMA_Abort                            0x080018a7   Thumb Code    90  stm32l4xx_hal_dma.o(i.HAL_DMA_Abort)
    HAL_DMA_Abort_IT                         0x08001901   Thumb Code    92  stm32l4xx_hal_dma.o(i.HAL_DMA_Abort_IT)
    HAL_Delay                                0x0800195d   Thumb Code    36  stm32l4xx_hal.o(i.HAL_Delay)
    HAL_GPIO_EXTI_Callback                   0x08001985   Thumb Code    88  main.o(i.HAL_GPIO_EXTI_Callback)
    HAL_GPIO_EXTI_IRQHandler                 0x080019e1   Thumb Code    24  stm32l4xx_hal_gpio.o(i.HAL_GPIO_EXTI_IRQHandler)
    HAL_GPIO_Init                            0x080019fd   Thumb Code   470  stm32l4xx_hal_gpio.o(i.HAL_GPIO_Init)
    HAL_GPIO_ReadPin                         0x08001bf9   Thumb Code    16  stm32l4xx_hal_gpio.o(i.HAL_GPIO_ReadPin)
    HAL_GPIO_TogglePin                       0x08001c09   Thumb Code    20  stm32l4xx_hal_gpio.o(i.HAL_GPIO_TogglePin)
    HAL_GPIO_WritePin                        0x08001c1d   Thumb Code    10  stm32l4xx_hal_gpio.o(i.HAL_GPIO_WritePin)
    HAL_GetTick                              0x08001c29   Thumb Code     6  stm32l4xx_hal.o(i.HAL_GetTick)
    HAL_IncTick                              0x08001c35   Thumb Code    16  stm32l4xx_hal.o(i.HAL_IncTick)
    HAL_Init                                 0x08001c4d   Thumb Code    30  stm32l4xx_hal.o(i.HAL_Init)
    HAL_InitTick                             0x08001c6d   Thumb Code   118  stm32l4xx_hal_timebase_tim.o(i.HAL_InitTick)
    HAL_MspInit                              0x08001cf5   Thumb Code    68  stm32l4xx_hal_msp.o(i.HAL_MspInit)
    HAL_NVIC_EnableIRQ                       0x08001d3d   Thumb Code    40  stm32l4xx_hal_cortex.o(i.HAL_NVIC_EnableIRQ)
    HAL_NVIC_SetPriority                     0x08001d65   Thumb Code   124  stm32l4xx_hal_cortex.o(i.HAL_NVIC_SetPriority)
    HAL_NVIC_SetPriorityGrouping             0x08001de9   Thumb Code    32  stm32l4xx_hal_cortex.o(i.HAL_NVIC_SetPriorityGrouping)
    HAL_PWREx_ControlVoltageScaling          0x08001e11   Thumb Code   128  stm32l4xx_hal_pwr_ex.o(i.HAL_PWREx_ControlVoltageScaling)
    HAL_PWREx_GetVoltageRange                0x08001e9d   Thumb Code    10  stm32l4xx_hal_pwr_ex.o(i.HAL_PWREx_GetVoltageRange)
    HAL_RCCEx_PeriphCLKConfig                0x08001ead   Thumb Code  1230  stm32l4xx_hal_rcc_ex.o(i.HAL_RCCEx_PeriphCLKConfig)
    HAL_RCC_ClockConfig                      0x08002381   Thumb Code   414  stm32l4xx_hal_rcc.o(i.HAL_RCC_ClockConfig)
    HAL_RCC_GetClockConfig                   0x08002535   Thumb Code    58  stm32l4xx_hal_rcc.o(i.HAL_RCC_GetClockConfig)
    HAL_RCC_GetHCLKFreq                      0x08002579   Thumb Code     6  stm32l4xx_hal_rcc.o(i.HAL_RCC_GetHCLKFreq)
    HAL_RCC_GetPCLK1Freq                     0x08002585   Thumb Code    26  stm32l4xx_hal_rcc.o(i.HAL_RCC_GetPCLK1Freq)
    HAL_RCC_GetPCLK2Freq                     0x080025a9   Thumb Code    26  stm32l4xx_hal_rcc.o(i.HAL_RCC_GetPCLK2Freq)
    HAL_RCC_GetSysClockFreq                  0x080025cd   Thumb Code   220  stm32l4xx_hal_rcc.o(i.HAL_RCC_GetSysClockFreq)
    HAL_RCC_OscConfig                        0x080026b9   Thumb Code  1750  stm32l4xx_hal_rcc.o(i.HAL_RCC_OscConfig)
    HAL_SPI_Init                             0x08002da1   Thumb Code   240  stm32l4xx_hal_spi.o(i.HAL_SPI_Init)
    HAL_SPI_MspInit                          0x08002e91   Thumb Code   108  spi.o(i.HAL_SPI_MspInit)
    HAL_SPI_Transmit                         0x08002f09   Thumb Code   490  stm32l4xx_hal_spi.o(i.HAL_SPI_Transmit)
    HAL_TIMEx_Break2Callback                 0x080030f9   Thumb Code     2  stm32l4xx_hal_tim_ex.o(i.HAL_TIMEx_Break2Callback)
    HAL_TIMEx_BreakCallback                  0x080030fb   Thumb Code     2  stm32l4xx_hal_tim_ex.o(i.HAL_TIMEx_BreakCallback)
    HAL_TIMEx_CommutCallback                 0x080030fd   Thumb Code     2  stm32l4xx_hal_tim_ex.o(i.HAL_TIMEx_CommutCallback)
    HAL_TIM_Base_Init                        0x080030ff   Thumb Code   110  stm32l4xx_hal_tim.o(i.HAL_TIM_Base_Init)
    HAL_TIM_Base_MspInit                     0x0800316d   Thumb Code     2  stm32l4xx_hal_tim.o(i.HAL_TIM_Base_MspInit)
    HAL_TIM_Base_Start_IT                    0x08003171   Thumb Code   138  stm32l4xx_hal_tim.o(i.HAL_TIM_Base_Start_IT)
    HAL_TIM_IC_CaptureCallback               0x08003219   Thumb Code     2  stm32l4xx_hal_tim.o(i.HAL_TIM_IC_CaptureCallback)
    HAL_TIM_IRQHandler                       0x0800321b   Thumb Code   440  stm32l4xx_hal_tim.o(i.HAL_TIM_IRQHandler)
    HAL_TIM_OC_DelayElapsedCallback          0x080033d3   Thumb Code     2  stm32l4xx_hal_tim.o(i.HAL_TIM_OC_DelayElapsedCallback)
    HAL_TIM_PWM_PulseFinishedCallback        0x080033d5   Thumb Code     2  stm32l4xx_hal_tim.o(i.HAL_TIM_PWM_PulseFinishedCallback)
    HAL_TIM_PeriodElapsedCallback            0x080033d9   Thumb Code    18  main.o(i.HAL_TIM_PeriodElapsedCallback)
    HAL_TIM_TriggerCallback                  0x080033f1   Thumb Code     2  stm32l4xx_hal_tim.o(i.HAL_TIM_TriggerCallback)
    HAL_UARTEx_RxEventCallback               0x080033f3   Thumb Code     2  stm32l4xx_hal_uart.o(i.HAL_UARTEx_RxEventCallback)
    HAL_UARTEx_WakeupCallback                0x080033f5   Thumb Code     2  stm32l4xx_hal_uart_ex.o(i.HAL_UARTEx_WakeupCallback)
    HAL_UART_ErrorCallback                   0x080033f7   Thumb Code     2  stm32l4xx_hal_uart.o(i.HAL_UART_ErrorCallback)
    HAL_UART_IRQHandler                      0x080033f9   Thumb Code   832  stm32l4xx_hal_uart.o(i.HAL_UART_IRQHandler)
    HAL_UART_Init                            0x08003741   Thumb Code   116  stm32l4xx_hal_uart.o(i.HAL_UART_Init)
    HAL_UART_MspInit                         0x080037b5   Thumb Code   286  usart.o(i.HAL_UART_MspInit)
    HAL_UART_Transmit                        0x080038e1   Thumb Code   210  stm32l4xx_hal_uart.o(i.HAL_UART_Transmit)
    HAL_UART_TxCpltCallback                  0x080039b9   Thumb Code     2  stm32l4xx_hal_uart.o(i.HAL_UART_TxCpltCallback)
    HardFault_Handler                        0x080039bb   Thumb Code     4  stm32l4xx_it.o(i.HardFault_Handler)
    IIC_Ack                                  0x080039c1   Thumb Code    74  aht10.o(i.IIC_Ack)
    IIC_Delay                                0x08003a15   Thumb Code    10  aht10.o(i.IIC_Delay)
    IIC_Init                                 0x08003a21   Thumb Code   126  aht10.o(i.IIC_Init)
    IIC_NAck                                 0x08003aad   Thumb Code    74  aht10.o(i.IIC_NAck)
    IIC_Read_Byte                            0x08003b01   Thumb Code    98  aht10.o(i.IIC_Read_Byte)
    IIC_Send_Byte                            0x08003b6d   Thumb Code   108  aht10.o(i.IIC_Send_Byte)
    IIC_Start                                0x08003be1   Thumb Code    74  aht10.o(i.IIC_Start)
    IIC_Stop                                 0x08003c35   Thumb Code    74  aht10.o(i.IIC_Stop)
    IIC_Wait_Ack                             0x08003c89   Thumb Code    96  aht10.o(i.IIC_Wait_Ack)
    LCD_Address_Set                          0x08003cf1   Thumb Code    82  lcd.o(i.LCD_Address_Set)
    LCD_Clear                                0x08003d45   Thumb Code   104  lcd.o(i.LCD_Clear)
    LCD_Init                                 0x08003db5   Thumb Code   508  lcd.o(i.LCD_Init)
    LCD_ShowChar                             0x08004019   Thumb Code   502  lcd.o(i.LCD_ShowChar)
    LCD_ShowNum                              0x0800422f   Thumb Code   136  lcd.o(i.LCD_ShowNum)
    LCD_ShowString                           0x080042bd   Thumb Code    98  lcd.o(i.LCD_ShowString)
    LCD_Write_HalfWord                       0x08004359   Thumb Code    40  lcd.o(i.LCD_Write_HalfWord)
    MQTT_DeleteBuffer                        0x08004385   Thumb Code    28  mqttkit.o(i.MQTT_DeleteBuffer)
    MQTT_DumpLength                          0x080043a1   Thumb Code    46  mqttkit.o(i.MQTT_DumpLength)
    MQTT_NewBuffer                           0x080043cf   Thumb Code    88  mqttkit.o(i.MQTT_NewBuffer)
    MQTT_PacketConnect                       0x08004429   Thumb Code   666  mqttkit.o(i.MQTT_PacketConnect)
    MQTT_PacketPublish                       0x080046cf   Thumb Code   440  mqttkit.o(i.MQTT_PacketPublish)
    MQTT_PacketPublishComp                   0x0800488d   Thumb Code    72  mqttkit.o(i.MQTT_PacketPublishComp)
    MQTT_PacketPublishRel                    0x080048d5   Thumb Code    72  mqttkit.o(i.MQTT_PacketPublishRel)
    MQTT_PacketSubscribe                     0x0800491d   Thumb Code   254  mqttkit.o(i.MQTT_PacketSubscribe)
    MQTT_ReadLength                          0x08004a21   Thumb Code    70  mqttkit.o(i.MQTT_ReadLength)
    MQTT_UnPacketCmd                         0x08004a67   Thumb Code   140  mqttkit.o(i.MQTT_UnPacketCmd)
    MQTT_UnPacketConnectAck                  0x08004af3   Thumb Code    30  mqttkit.o(i.MQTT_UnPacketConnectAck)
    MQTT_UnPacketPublish                     0x08004b11   Thumb Code   438  mqttkit.o(i.MQTT_UnPacketPublish)
    MQTT_UnPacketPublishAck                  0x08004cd7   Thumb Code    30  mqttkit.o(i.MQTT_UnPacketPublishAck)
    MQTT_UnPacketPublishComp                 0x08004cf5   Thumb Code    30  mqttkit.o(i.MQTT_UnPacketPublishComp)
    MQTT_UnPacketPublishRec                  0x08004d13   Thumb Code    30  mqttkit.o(i.MQTT_UnPacketPublishRec)
    MQTT_UnPacketPublishRel                  0x08004d31   Thumb Code    36  mqttkit.o(i.MQTT_UnPacketPublishRel)
    MQTT_UnPacketRecv                        0x08004d55   Thumb Code   106  mqttkit.o(i.MQTT_UnPacketRecv)
    MQTT_UnPacketSubscribe                   0x08004dc9   Thumb Code    52  mqttkit.o(i.MQTT_UnPacketSubscribe)
    MQTT_UnPacketUnSubscribe                 0x08004dfd   Thumb Code    18  mqttkit.o(i.MQTT_UnPacketUnSubscribe)
    MX_FREERTOS_Init                         0x08004e11   Thumb Code    78  freertos.o(i.MX_FREERTOS_Init)
    MX_GPIO_Init                             0x08004e71   Thumb Code   432  gpio.o(i.MX_GPIO_Init)
    MX_SPI3_Init                             0x08005035   Thumb Code    70  spi.o(i.MX_SPI3_Init)
    MX_USART1_UART_Init                      0x08005085   Thumb Code    72  usart.o(i.MX_USART1_UART_Init)
    MX_USART2_UART_Init                      0x080050d5   Thumb Code    72  usart.o(i.MX_USART2_UART_Init)
    MemManage_Handler                        0x08005125   Thumb Code     4  stm32l4xx_it.o(i.MemManage_Handler)
    NMI_Handler                              0x08005129   Thumb Code     4  stm32l4xx_it.o(i.NMI_Handler)
    Net_Init                                 0x0800512d   Thumb Code    92  esp8266.o(i.Net_Init)
    SPI3_WriteByte                           0x08005529   Thumb Code    22  spi.o(i.SPI3_WriteByte)
    STM32_StatusReport                       0x08005789   Thumb Code   180  freertos.o(i.STM32_StatusReport)
    StartDefaultTask                         0x08005891   Thumb Code    34  freertos.o(i.StartDefaultTask)
    SysTick_Handler                          0x080058cd   Thumb Code    46  port.o(i.SysTick_Handler)
    SystemClock_Config                       0x08005901   Thumb Code   114  main.o(i.SystemClock_Config)
    SystemInit                               0x08005975   Thumb Code    14  system_stm32l4xx.o(i.SystemInit)
    TIM1_UP_TIM16_IRQHandler                 0x08005989   Thumb Code    10  stm32l4xx_it.o(i.TIM1_UP_TIM16_IRQHandler)
    TIM_Base_SetConfig                       0x08005999   Thumb Code   170  stm32l4xx_hal_tim.o(i.TIM_Base_SetConfig)
    UART_AdvFeatureConfig                    0x08005a65   Thumb Code   248  stm32l4xx_hal_uart.o(i.UART_AdvFeatureConfig)
    UART_CheckIdleState                      0x08005b5d   Thumb Code   114  stm32l4xx_hal_uart.o(i.UART_CheckIdleState)
    UART_SetConfig                           0x08005c79   Thumb Code   836  stm32l4xx_hal_uart.o(i.UART_SetConfig)
    UART_WaitOnFlagUntilTimeout              0x08005fe7   Thumb Code   248  stm32l4xx_hal_uart.o(i.UART_WaitOnFlagUntilTimeout)
    USART1_IRQHandler                        0x080060e1   Thumb Code    40  stm32l4xx_it.o(i.USART1_IRQHandler)
    USART2_IRQHandler                        0x08006111   Thumb Code    68  stm32l4xx_it.o(i.USART2_IRQHandler)
    UsageFault_Handler                       0x08006185   Thumb Code     4  stm32l4xx_it.o(i.UsageFault_Handler)
    __0printf                                0x08006189   Thumb Code    22  printfa.o(i.__0printf)
    __1printf                                0x08006189   Thumb Code     0  printfa.o(i.__0printf)
    __2printf                                0x08006189   Thumb Code     0  printfa.o(i.__0printf)
    __c89printf                              0x08006189   Thumb Code     0  printfa.o(i.__0printf)
    printf                                   0x08006189   Thumb Code     0  printfa.o(i.__0printf)
    __0sprintf                               0x080061a9   Thumb Code    34  printfa.o(i.__0sprintf)
    __1sprintf                               0x080061a9   Thumb Code     0  printfa.o(i.__0sprintf)
    __2sprintf                               0x080061a9   Thumb Code     0  printfa.o(i.__0sprintf)
    __c89sprintf                             0x080061a9   Thumb Code     0  printfa.o(i.__0sprintf)
    sprintf                                  0x080061a9   Thumb Code     0  printfa.o(i.__0sprintf)
    __ARM_fpclassify                         0x080061d1   Thumb Code    48  fpclassify.o(i.__ARM_fpclassify)
    __hardfp_pow                             0x08006239   Thumb Code  3072  pow.o(i.__hardfp_pow)
    __kernel_poly                            0x08006eb9   Thumb Code   248  poly.o(i.__kernel_poly)
    __mathlib_dbl_divzero                    0x08006fb1   Thumb Code    28  dunder.o(i.__mathlib_dbl_divzero)
    __mathlib_dbl_infnan2                    0x08006fe1   Thumb Code    20  dunder.o(i.__mathlib_dbl_infnan2)
    __mathlib_dbl_invalid                    0x08006ff9   Thumb Code    24  dunder.o(i.__mathlib_dbl_invalid)
    __mathlib_dbl_overflow                   0x08007019   Thumb Code    24  dunder.o(i.__mathlib_dbl_overflow)
    __mathlib_dbl_underflow                  0x08007039   Thumb Code    24  dunder.o(i.__mathlib_dbl_underflow)
    __scatterload_copy                       0x08007059   Thumb Code    14  handlers.o(i.__scatterload_copy)
    __scatterload_null                       0x08007067   Thumb Code     2  handlers.o(i.__scatterload_null)
    __scatterload_zeroinit                   0x08007069   Thumb Code    14  handlers.o(i.__scatterload_zeroinit)
    __set_errno                              0x08007079   Thumb Code     6  errno.o(i.__set_errno)
    cJSON_Delete                             0x08007929   Thumb Code    82  cjson.o(i.cJSON_Delete)
    cJSON_GetErrorPtr                        0x08007981   Thumb Code     6  cjson.o(i.cJSON_GetErrorPtr)
    cJSON_GetObjectItem                      0x0800798d   Thumb Code    30  cjson.o(i.cJSON_GetObjectItem)
    cJSON_Parse                              0x080079cd   Thumb Code    16  cjson.o(i.cJSON_Parse)
    cJSON_ParseWithOpts                      0x080079dd   Thumb Code    96  cjson.o(i.cJSON_ParseWithOpts)
    countMedicine                            0x08007a8d   Thumb Code   100  freertos.o(i.countMedicine)
    fabs                                     0x08007b19   Thumb Code    24  fabs.o(i.fabs)
    fputc                                    0x08007b31   Thumb Code    22  usart.o(i.fputc)
    free                                     0x08007b4d   Thumb Code    76  malloc.o(i.free)
    main                                     0x08007b9d   Thumb Code    54  main.o(i.main)
    malloc                                   0x08007be1   Thumb Code    92  malloc.o(i.malloc)
    osDelay                                  0x08007c4d   Thumb Code    24  cmsis_os.o(i.osDelay)
    osKernelStart                            0x08007c65   Thumb Code    10  cmsis_os.o(i.osKernelStart)
    osThreadCreate                           0x08007c6f   Thumb Code    94  cmsis_os.o(i.osThreadCreate)
    pvPortMalloc                             0x0800888d   Thumb Code   306  heap_4.o(i.pvPortMalloc)
    pxPortInitialiseStack                    0x080089d9   Thumb Code    38  port.o(i.pxPortInitialiseStack)
    sqrt                                     0x08008a17   Thumb Code   110  sqrt.o(i.sqrt)
    uxListRemove                             0x08008a85   Thumb Code    40  list.o(i.uxListRemove)
    vApplicationGetIdleTaskMemory            0x08008aad   Thumb Code    14  freertos.o(i.vApplicationGetIdleTaskMemory)
    vListInitialise                          0x08008ac5   Thumb Code    26  list.o(i.vListInitialise)
    vListInitialiseItem                      0x08008adf   Thumb Code     6  list.o(i.vListInitialiseItem)
    vListInsert                              0x08008ae5   Thumb Code    52  list.o(i.vListInsert)
    vListInsertEnd                           0x08008b19   Thumb Code    24  list.o(i.vListInsertEnd)
    vPortEnterCritical                       0x08008b31   Thumb Code    76  port.o(i.vPortEnterCritical)
    vPortExitCritical                        0x08008b85   Thumb Code    56  port.o(i.vPortExitCritical)
    vPortFree                                0x08008bc1   Thumb Code   150  heap_4.o(i.vPortFree)
    vPortSetupTimerInterrupt                 0x08008c65   Thumb Code    36  port.o(i.vPortSetupTimerInterrupt)
    vTaskDelay                               0x08008c8d   Thumb Code    82  tasks.o(i.vTaskDelay)
    vTaskStartScheduler                      0x08008ce9   Thumb Code   146  tasks.o(i.vTaskStartScheduler)
    vTaskSuspendAll                          0x08008d99   Thumb Code    12  tasks.o(i.vTaskSuspendAll)
    vTaskSwitchContext                       0x08008da9   Thumb Code   118  tasks.o(i.vTaskSwitchContext)
    xPortStartScheduler                      0x08008e35   Thumb Code   330  port.o(i.xPortStartScheduler)
    xTaskCreate                              0x08008f9d   Thumb Code   100  tasks.o(i.xTaskCreate)
    xTaskCreateStatic                        0x08009007   Thumb Code   186  tasks.o(i.xTaskCreateStatic)
    xTaskIncrementTick                       0x080090c9   Thumb Code   282  tasks.o(i.xTaskIncrementTick)
    xTaskResumeAll                           0x08009211   Thumb Code   224  tasks.o(i.xTaskResumeAll)
    asc2_1206                                0x08009318   Data        1140  lcd.o(.constdata)
    asc2_1608                                0x0800978c   Data        1520  lcd.o(.constdata)
    asc2_2412                                0x08009d7c   Data        4560  lcd.o(.constdata)
    asc2_3216                                0x0800af4c   Data       12160  lcd.o(.constdata)
    AHBPrescTable                            0x0800df4c   Data          16  system_stm32l4xx.o(.constdata)
    APBPrescTable                            0x0800df5c   Data           8  system_stm32l4xx.o(.constdata)
    MSIRangeTable                            0x0800df64   Data          48  system_stm32l4xx.o(.constdata)
    __mathlib_zero                           0x0800e020   Data           8  qnan.o(.constdata)
    Region$$Table$$Base                      0x0800e0b4   Number         0  anon$$obj.o(Region$$Table)
    Region$$Table$$Limit                     0x0800e0d4   Number         0  anon$$obj.o(Region$$Table)
    esp8266_cnt                              0x20000000   Data           2  esp8266.o(.data)
    esp8266_cntPre                           0x20000002   Data           2  esp8266.o(.data)
    POINT_COLOR                              0x20000004   Data           2  lcd.o(.data)
    BACK_COLOR                               0x20000006   Data           2  lcd.o(.data)
    temperature                              0x20000008   Data           1  deel_mqtt.o(.data)
    humidity                                 0x20000009   Data           1  deel_mqtt.o(.data)
    t                                        0x2000000a   Data           1  deel_mqtt.o(.data)
    med                                      0x20000010   Data           2  freertos.o(.data)
    medName                                  0x20000014   Data           4  freertos.o(.data)
    medAll                                   0x20000018   Data           2  freertos.o(.data)
    medNum                                   0x2000001a   Data           2  freertos.o(.data)
    medFreq                                  0x2000001c   Data           2  freertos.o(.data)
    defaultTaskHandle                        0x20000020   Data           4  freertos.o(.data)
    countMedHandle                           0x20000024   Data           4  freertos.o(.data)
    StatusReportHandle                       0x20000028   Data           4  freertos.o(.data)
    __stdout                                 0x2000002c   Data           4  usart.o(.data)
    uwTick                                   0x2000003c   Data           4  stm32l4xx_hal.o(.data)
    uwTickPrio                               0x20000040   Data           4  stm32l4xx_hal.o(.data)
    uwTickFreq                               0x20000044   Data           1  stm32l4xx_hal.o(.data)
    SystemCoreClock                          0x20000048   Data           4  system_stm32l4xx.o(.data)
    pxCurrentTCB                             0x2000004c   Data           4  tasks.o(.data)
    __microlib_freelist                      0x200000b4   Data           4  mvars.o(.data)
    __microlib_freelist_initialised          0x200000b8   Data           4  mvars.o(.data)
    esp8266_buf                              0x200000c0   Data        1024  esp8266.o(.bss)
    mqtt_message                             0x20000940   Data         300  deel_mqtt.o(.bss)
    temp_str                                 0x20000a6c   Data          30  deel_mqtt.o(.bss)
    ct                                       0x20000a8c   Data          12  iot_emqx.o(.bss)
    countMed                                 0x20000a98   Data          64  freertos.o(.bss)
    hspi3                                    0x20000d2c   Data         100  spi.o(.bss)
    huart1                                   0x20000d90   Data         132  usart.o(.bss)
    huart2                                   0x20000e14   Data         132  usart.o(.bss)
    htim1                                    0x20000e98   Data          76  stm32l4xx_hal_timebase_tim.o(.bss)
    __heap_base                              0x20001b90   Data           0  startup_stm32l475xx.o(HEAP)
    __heap_limit                             0x20002590   Data           0  startup_stm32l475xx.o(HEAP)
    __initial_sp                             0x20002f90   Data           0  startup_stm32l475xx.o(STACK)
    mem2base                                 0x68000000   Data       40960  malloc.o(.ARM.__AT_0x68000000)
    mem2mapbase                              0x6800a000   Data        2560  malloc.o(.ARM.__AT_0x6800A000)



==============================================================================

Memory Map of the image

  Image Entry point : 0x08000189

  Load Region LR_IROM1 (Base: 0x08000000, Size: 0x0000e194, Max: 0x00080000, ABSOLUTE)

    Execution Region ER_IROM1 (Exec base: 0x08000000, Load base: 0x08000000, Size: 0x0000e0d4, Max: 0x00080000, ABSOLUTE)

    Exec Addr    Load Addr    Size         Type   Attr      Idx    E Section Name        Object

    0x08000000   0x08000000   0x00000188   Data   RO         1781    RESET               startup_stm32l475xx.o
    0x08000188   0x08000188   0x00000000   Code   RO         7185  * .ARM.Collect$$$$00000000  mc_w.l(entry.o)
    0x08000188   0x08000188   0x00000004   Code   RO         7552    .ARM.Collect$$$$00000001  mc_w.l(entry2.o)
    0x0800018c   0x0800018c   0x00000004   Code   RO         7555    .ARM.Collect$$$$00000004  mc_w.l(entry5.o)
    0x08000190   0x08000190   0x00000000   Code   RO         7557    .ARM.Collect$$$$00000008  mc_w.l(entry7b.o)
    0x08000190   0x08000190   0x00000000   Code   RO         7559    .ARM.Collect$$$$0000000A  mc_w.l(entry8b.o)
    0x08000190   0x08000190   0x00000008   Code   RO         7560    .ARM.Collect$$$$0000000B  mc_w.l(entry9a.o)
    0x08000198   0x08000198   0x00000004   Code   RO         7567    .ARM.Collect$$$$0000000E  mc_w.l(entry12b.o)
    0x0800019c   0x0800019c   0x00000000   Code   RO         7562    .ARM.Collect$$$$0000000F  mc_w.l(entry10a.o)
    0x0800019c   0x0800019c   0x00000000   Code   RO         7564    .ARM.Collect$$$$00000011  mc_w.l(entry11a.o)
    0x0800019c   0x0800019c   0x00000004   Code   RO         7553    .ARM.Collect$$$$00002712  mc_w.l(entry2.o)
    0x080001a0   0x080001a0   0x000000de   Code   RO         7082    .emb_text           port.o
    0x0800027e   0x0800027e   0x00000002   PAD
    0x08000280   0x08000280   0x00000024   Code   RO         1782    .text               startup_stm32l475xx.o
    0x080002a4   0x080002a4   0x00000068   Code   RO         7188    .text               mc_w.l(uldiv.o)
    0x0800030c   0x0800030c   0x0000000c   Code   RO         7190    .text               mc_w.l(tolower.o)
    0x08000318   0x08000318   0x00000024   Code   RO         7192    .text               mc_w.l(memcpya.o)
    0x0800033c   0x0800033c   0x00000024   Code   RO         7196    .text               mc_w.l(memseta.o)
    0x08000360   0x08000360   0x00000024   Code   RO         7198    .text               mc_w.l(strstr.o)
    0x08000384   0x08000384   0x00000014   Code   RO         7200    .text               mc_w.l(strchr.o)
    0x08000398   0x08000398   0x0000000e   Code   RO         7202    .text               mc_w.l(strlen.o)
    0x080003a6   0x080003a6   0x00000028   Code   RO         7206    .text               mc_w.l(strncat.o)
    0x080003ce   0x080003ce   0x0000001e   Code   RO         7210    .text               mc_w.l(strncmp.o)
    0x080003ec   0x080003ec   0x0000015e   Code   RO         7503    .text               mf_w.l(dadd.o)
    0x0800054a   0x0800054a   0x000000ea   Code   RO         7505    .text               mf_w.l(dmul.o)
    0x08000634   0x08000634   0x000000de   Code   RO         7507    .text               mf_w.l(ddiv.o)
    0x08000712   0x08000712   0x00000022   Code   RO         7509    .text               mf_w.l(dflti.o)
    0x08000734   0x08000734   0x0000003e   Code   RO         7511    .text               mf_w.l(dfixi.o)
    0x08000772   0x08000772   0x00000026   Code   RO         7513    .text               mf_w.l(f2d.o)
    0x08000798   0x08000798   0x00000030   Code   RO         7517    .text               mf_w.l(cdrcmple.o)
    0x080007c8   0x080007c8   0x00000038   Code   RO         7519    .text               mf_w.l(d2f.o)
    0x08000800   0x08000800   0x0000002c   Code   RO         7568    .text               mc_w.l(uidiv.o)
    0x0800082c   0x0800082c   0x0000001e   Code   RO         7570    .text               mc_w.l(llshl.o)
    0x0800084a   0x0800084a   0x00000020   Code   RO         7572    .text               mc_w.l(llushr.o)
    0x0800086a   0x0800086a   0x00000024   Code   RO         7574    .text               mc_w.l(llsshr.o)
    0x0800088e   0x0800088e   0x00000000   Code   RO         7585    .text               mc_w.l(iusefp.o)
    0x0800088e   0x0800088e   0x0000006e   Code   RO         7586    .text               mf_w.l(fepilogue.o)
    0x080008fc   0x080008fc   0x000000ba   Code   RO         7588    .text               mf_w.l(depilogue.o)
    0x080009b6   0x080009b6   0x0000002e   Code   RO         7592    .text               mf_w.l(dscalb.o)
    0x080009e4   0x080009e4   0x00000030   Code   RO         7594    .text               mf_w.l(dfixul.o)
    0x08000a14   0x08000a14   0x00000024   Code   RO         7596    .text               mc_w.l(init.o)
    0x08000a38   0x08000a38   0x000000a2   Code   RO         7598    .text               mf_w.l(dsqrt.o)
    0x08000ada   0x08000ada   0x0000004e   Code   RO            4    i.AHT10_Init        aht10.o
    0x08000b28   0x08000b28   0x0000004a   Code   RO            6    i.AHT10_Read_Data   aht10.o
    0x08000b72   0x08000b72   0x00000002   PAD
    0x08000b74   0x08000b74   0x000000bc   Code   RO            8    i.AHT10_Read_Temperature  aht10.o
    0x08000c30   0x08000c30   0x0000004c   Code   RO            9    i.AHT10_Write_Data  aht10.o
    0x08000c7c   0x08000c7c   0x00000004   Code   RO         1269    i.BusFault_Handler  stm32l4xx_it.o
    0x08000c80   0x08000c80   0x00000002   Code   RO         1270    i.DebugMon_Handler  stm32l4xx_it.o
    0x08000c82   0x08000c82   0x00000002   PAD
    0x08000c84   0x08000c84   0x00000238   Code   RO          643    i.EMQX_DevLink      iot_emqx.o
    0x08000ebc   0x08000ebc   0x0000004a   Code   RO          644    i.EMQX_Publish      iot_emqx.o
    0x08000f06   0x08000f06   0x00000002   PAD
    0x08000f08   0x08000f08   0x00000582   Code   RO          645    i.EMQX_RevPro       iot_emqx.o
    0x0800148a   0x0800148a   0x00000002   PAD
    0x0800148c   0x0800148c   0x00000068   Code   RO          646    i.EMQX_Subscribe    iot_emqx.o
    0x080014f4   0x080014f4   0x0000001c   Code   RO          227    i.ESP8266_Clear     esp8266.o
    0x08001510   0x08001510   0x00000038   Code   RO          228    i.ESP8266_ExitTouChuan  esp8266.o
    0x08001548   0x08001548   0x00000050   Code   RO          229    i.ESP8266_GetIPD    esp8266.o
    0x08001598   0x08001598   0x000000fc   Code   RO          230    i.ESP8266_Init_SmartConfig  esp8266.o
    0x08001694   0x08001694   0x000000ec   Code   RO          231    i.ESP8266_Init_after_SmartConfig  esp8266.o
    0x08001780   0x08001780   0x00000020   Code   RO          232    i.ESP8266_SendBuf   esp8266.o
    0x080017a0   0x080017a0   0x00000068   Code   RO          233    i.ESP8266_SendCmd   esp8266.o
    0x08001808   0x08001808   0x00000020   Code   RO          234    i.ESP8266_SendOneByte  esp8266.o
    0x08001828   0x08001828   0x0000001a   Code   RO          235    i.ESP8266_SendString  esp8266.o
    0x08001842   0x08001842   0x00000002   PAD
    0x08001844   0x08001844   0x00000034   Code   RO          236    i.ESP8266_WaitRecive  esp8266.o
    0x08001878   0x08001878   0x00000014   Code   RO         1271    i.EXTI15_10_IRQHandler  stm32l4xx_it.o
    0x0800188c   0x0800188c   0x00000014   Code   RO         1272    i.EXTI9_5_IRQHandler  stm32l4xx_it.o
    0x080018a0   0x080018a0   0x00000006   Code   RO          973    i.Error_Handler     main.o
    0x080018a6   0x080018a6   0x0000005a   Code   RO         3102    i.HAL_DMA_Abort     stm32l4xx_hal_dma.o
    0x08001900   0x08001900   0x0000005c   Code   RO         3103    i.HAL_DMA_Abort_IT  stm32l4xx_hal_dma.o
    0x0800195c   0x0800195c   0x00000028   Code   RO         1796    i.HAL_Delay         stm32l4xx_hal.o
    0x08001984   0x08001984   0x0000005c   Code   RO          974    i.HAL_GPIO_EXTI_Callback  main.o
    0x080019e0   0x080019e0   0x0000001c   Code   RO         3037    i.HAL_GPIO_EXTI_IRQHandler  stm32l4xx_hal_gpio.o
    0x080019fc   0x080019fc   0x000001fc   Code   RO         3038    i.HAL_GPIO_Init     stm32l4xx_hal_gpio.o
    0x08001bf8   0x08001bf8   0x00000010   Code   RO         3040    i.HAL_GPIO_ReadPin  stm32l4xx_hal_gpio.o
    0x08001c08   0x08001c08   0x00000014   Code   RO         3041    i.HAL_GPIO_TogglePin  stm32l4xx_hal_gpio.o
    0x08001c1c   0x08001c1c   0x0000000a   Code   RO         3042    i.HAL_GPIO_WritePin  stm32l4xx_hal_gpio.o
    0x08001c26   0x08001c26   0x00000002   PAD
    0x08001c28   0x08001c28   0x0000000c   Code   RO         1800    i.HAL_GetTick       stm32l4xx_hal.o
    0x08001c34   0x08001c34   0x00000018   Code   RO         1806    i.HAL_IncTick       stm32l4xx_hal.o
    0x08001c4c   0x08001c4c   0x0000001e   Code   RO         1807    i.HAL_Init          stm32l4xx_hal.o
    0x08001c6a   0x08001c6a   0x00000002   PAD
    0x08001c6c   0x08001c6c   0x00000088   Code   RO         1381    i.HAL_InitTick      stm32l4xx_hal_timebase_tim.o
    0x08001cf4   0x08001cf4   0x00000048   Code   RO         1357    i.HAL_MspInit       stm32l4xx_hal_msp.o
    0x08001d3c   0x08001d3c   0x00000028   Code   RO         3585    i.HAL_NVIC_EnableIRQ  stm32l4xx_hal_cortex.o
    0x08001d64   0x08001d64   0x00000082   Code   RO         3591    i.HAL_NVIC_SetPriority  stm32l4xx_hal_cortex.o
    0x08001de6   0x08001de6   0x00000002   PAD
    0x08001de8   0x08001de8   0x00000028   Code   RO         3592    i.HAL_NVIC_SetPriorityGrouping  stm32l4xx_hal_cortex.o
    0x08001e10   0x08001e10   0x0000008c   Code   RO         3329    i.HAL_PWREx_ControlVoltageScaling  stm32l4xx_hal_pwr_ex.o
    0x08001e9c   0x08001e9c   0x00000010   Code   RO         3360    i.HAL_PWREx_GetVoltageRange  stm32l4xx_hal_pwr_ex.o
    0x08001eac   0x08001eac   0x000004d4   Code   RO         2671    i.HAL_RCCEx_PeriphCLKConfig  stm32l4xx_hal_rcc_ex.o
    0x08002380   0x08002380   0x000001b4   Code   RO         2550    i.HAL_RCC_ClockConfig  stm32l4xx_hal_rcc.o
    0x08002534   0x08002534   0x00000044   Code   RO         2553    i.HAL_RCC_GetClockConfig  stm32l4xx_hal_rcc.o
    0x08002578   0x08002578   0x0000000c   Code   RO         2554    i.HAL_RCC_GetHCLKFreq  stm32l4xx_hal_rcc.o
    0x08002584   0x08002584   0x00000024   Code   RO         2556    i.HAL_RCC_GetPCLK1Freq  stm32l4xx_hal_rcc.o
    0x080025a8   0x080025a8   0x00000024   Code   RO         2557    i.HAL_RCC_GetPCLK2Freq  stm32l4xx_hal_rcc.o
    0x080025cc   0x080025cc   0x000000ec   Code   RO         2559    i.HAL_RCC_GetSysClockFreq  stm32l4xx_hal_rcc.o
    0x080026b8   0x080026b8   0x000006e8   Code   RO         2562    i.HAL_RCC_OscConfig  stm32l4xx_hal_rcc.o
    0x08002da0   0x08002da0   0x000000f0   Code   RO         3803    i.HAL_SPI_Init      stm32l4xx_hal_spi.o
    0x08002e90   0x08002e90   0x00000078   Code   RO         1151    i.HAL_SPI_MspInit   spi.o
    0x08002f08   0x08002f08   0x000001f0   Code   RO         3811    i.HAL_SPI_Transmit  stm32l4xx_hal_spi.o
    0x080030f8   0x080030f8   0x00000002   Code   RO         4870    i.HAL_TIMEx_Break2Callback  stm32l4xx_hal_tim_ex.o
    0x080030fa   0x080030fa   0x00000002   Code   RO         4871    i.HAL_TIMEx_BreakCallback  stm32l4xx_hal_tim_ex.o
    0x080030fc   0x080030fc   0x00000002   Code   RO         4872    i.HAL_TIMEx_CommutCallback  stm32l4xx_hal_tim_ex.o
    0x080030fe   0x080030fe   0x0000006e   Code   RO         4145    i.HAL_TIM_Base_Init  stm32l4xx_hal_tim.o
    0x0800316c   0x0800316c   0x00000002   Code   RO         4147    i.HAL_TIM_Base_MspInit  stm32l4xx_hal_tim.o
    0x0800316e   0x0800316e   0x00000002   PAD
    0x08003170   0x08003170   0x000000a8   Code   RO         4150    i.HAL_TIM_Base_Start_IT  stm32l4xx_hal_tim.o
    0x08003218   0x08003218   0x00000002   Code   RO         4179    i.HAL_TIM_IC_CaptureCallback  stm32l4xx_hal_tim.o
    0x0800321a   0x0800321a   0x000001b8   Code   RO         4193    i.HAL_TIM_IRQHandler  stm32l4xx_hal_tim.o
    0x080033d2   0x080033d2   0x00000002   Code   RO         4196    i.HAL_TIM_OC_DelayElapsedCallback  stm32l4xx_hal_tim.o
    0x080033d4   0x080033d4   0x00000002   Code   RO         4223    i.HAL_TIM_PWM_PulseFinishedCallback  stm32l4xx_hal_tim.o
    0x080033d6   0x080033d6   0x00000002   PAD
    0x080033d8   0x080033d8   0x00000018   Code   RO          975    i.HAL_TIM_PeriodElapsedCallback  main.o
    0x080033f0   0x080033f0   0x00000002   Code   RO         4236    i.HAL_TIM_TriggerCallback  stm32l4xx_hal_tim.o
    0x080033f2   0x080033f2   0x00000002   Code   RO         5164    i.HAL_UARTEx_RxEventCallback  stm32l4xx_hal_uart.o
    0x080033f4   0x080033f4   0x00000002   Code   RO         5562    i.HAL_UARTEx_WakeupCallback  stm32l4xx_hal_uart_ex.o
    0x080033f6   0x080033f6   0x00000002   Code   RO         5180    i.HAL_UART_ErrorCallback  stm32l4xx_hal_uart.o
    0x080033f8   0x080033f8   0x00000348   Code   RO         5183    i.HAL_UART_IRQHandler  stm32l4xx_hal_uart.o
    0x08003740   0x08003740   0x00000074   Code   RO         5184    i.HAL_UART_Init     stm32l4xx_hal_uart.o
    0x080037b4   0x080037b4   0x0000012c   Code   RO         1205    i.HAL_UART_MspInit  usart.o
    0x080038e0   0x080038e0   0x000000d8   Code   RO         5193    i.HAL_UART_Transmit  stm32l4xx_hal_uart.o
    0x080039b8   0x080039b8   0x00000002   Code   RO         5196    i.HAL_UART_TxCpltCallback  stm32l4xx_hal_uart.o
    0x080039ba   0x080039ba   0x00000004   Code   RO         1273    i.HardFault_Handler  stm32l4xx_it.o
    0x080039be   0x080039be   0x00000002   PAD
    0x080039c0   0x080039c0   0x00000054   Code   RO           10    i.IIC_Ack           aht10.o
    0x08003a14   0x08003a14   0x0000000a   Code   RO           11    i.IIC_Delay         aht10.o
    0x08003a1e   0x08003a1e   0x00000002   PAD
    0x08003a20   0x08003a20   0x0000008c   Code   RO           12    i.IIC_Init          aht10.o
    0x08003aac   0x08003aac   0x00000054   Code   RO           13    i.IIC_NAck          aht10.o
    0x08003b00   0x08003b00   0x0000006c   Code   RO           14    i.IIC_Read_Byte     aht10.o
    0x08003b6c   0x08003b6c   0x00000074   Code   RO           15    i.IIC_Send_Byte     aht10.o
    0x08003be0   0x08003be0   0x00000054   Code   RO           16    i.IIC_Start         aht10.o
    0x08003c34   0x08003c34   0x00000054   Code   RO           17    i.IIC_Stop          aht10.o
    0x08003c88   0x08003c88   0x00000068   Code   RO           18    i.IIC_Wait_Ack      aht10.o
    0x08003cf0   0x08003cf0   0x00000052   Code   RO          350    i.LCD_Address_Set   lcd.o
    0x08003d42   0x08003d42   0x00000002   PAD
    0x08003d44   0x08003d44   0x00000070   Code   RO          351    i.LCD_Clear         lcd.o
    0x08003db4   0x08003db4   0x00000204   Code   RO          361    i.LCD_Init          lcd.o
    0x08003fb8   0x08003fb8   0x00000016   Code   RO          362    i.LCD_Pow           lcd.o
    0x08003fce   0x08003fce   0x0000004a   Code   RO          363    i.LCD_SPI_Send      lcd.o
    0x08004018   0x08004018   0x00000216   Code   RO          364    i.LCD_ShowChar      lcd.o
    0x0800422e   0x0800422e   0x0000008e   Code   RO          365    i.LCD_ShowNum       lcd.o
    0x080042bc   0x080042bc   0x00000062   Code   RO          366    i.LCD_ShowString    lcd.o
    0x0800431e   0x0800431e   0x00000002   PAD
    0x08004320   0x08004320   0x0000001c   Code   RO          369    i.LCD_Write_Cmd     lcd.o
    0x0800433c   0x0800433c   0x0000001c   Code   RO          370    i.LCD_Write_Data    lcd.o
    0x08004358   0x08004358   0x0000002c   Code   RO          371    i.LCD_Write_HalfWord  lcd.o
    0x08004384   0x08004384   0x0000001c   Code   RO          695    i.MQTT_DeleteBuffer  mqttkit.o
    0x080043a0   0x080043a0   0x0000002e   Code   RO          696    i.MQTT_DumpLength   mqttkit.o
    0x080043ce   0x080043ce   0x00000058   Code   RO          697    i.MQTT_NewBuffer    mqttkit.o
    0x08004426   0x08004426   0x00000002   PAD
    0x08004428   0x08004428   0x000002a6   Code   RO          699    i.MQTT_PacketConnect  mqttkit.o
    0x080046ce   0x080046ce   0x000001be   Code   RO          702    i.MQTT_PacketPublish  mqttkit.o
    0x0800488c   0x0800488c   0x00000048   Code   RO          704    i.MQTT_PacketPublishComp  mqttkit.o
    0x080048d4   0x080048d4   0x00000048   Code   RO          706    i.MQTT_PacketPublishRel  mqttkit.o
    0x0800491c   0x0800491c   0x00000104   Code   RO          709    i.MQTT_PacketSubscribe  mqttkit.o
    0x08004a20   0x08004a20   0x00000046   Code   RO          711    i.MQTT_ReadLength   mqttkit.o
    0x08004a66   0x08004a66   0x0000008c   Code   RO          712    i.MQTT_UnPacketCmd  mqttkit.o
    0x08004af2   0x08004af2   0x0000001e   Code   RO          713    i.MQTT_UnPacketConnectAck  mqttkit.o
    0x08004b10   0x08004b10   0x000001c6   Code   RO          714    i.MQTT_UnPacketPublish  mqttkit.o
    0x08004cd6   0x08004cd6   0x0000001e   Code   RO          715    i.MQTT_UnPacketPublishAck  mqttkit.o
    0x08004cf4   0x08004cf4   0x0000001e   Code   RO          716    i.MQTT_UnPacketPublishComp  mqttkit.o
    0x08004d12   0x08004d12   0x0000001e   Code   RO          717    i.MQTT_UnPacketPublishRec  mqttkit.o
    0x08004d30   0x08004d30   0x00000024   Code   RO          718    i.MQTT_UnPacketPublishRel  mqttkit.o
    0x08004d54   0x08004d54   0x00000074   Code   RO          719    i.MQTT_UnPacketRecv  mqttkit.o
    0x08004dc8   0x08004dc8   0x00000034   Code   RO          720    i.MQTT_UnPacketSubscribe  mqttkit.o
    0x08004dfc   0x08004dfc   0x00000012   Code   RO          721    i.MQTT_UnPacketUnSubscribe  mqttkit.o
    0x08004e0e   0x08004e0e   0x00000002   PAD
    0x08004e10   0x08004e10   0x00000060   Code   RO         1087    i.MX_FREERTOS_Init  freertos.o
    0x08004e70   0x08004e70   0x000001c4   Code   RO         1063    i.MX_GPIO_Init      gpio.o
    0x08005034   0x08005034   0x00000050   Code   RO         1152    i.MX_SPI3_Init      spi.o
    0x08005084   0x08005084   0x00000050   Code   RO         1206    i.MX_USART1_UART_Init  usart.o
    0x080050d4   0x080050d4   0x00000050   Code   RO         1207    i.MX_USART2_UART_Init  usart.o
    0x08005124   0x08005124   0x00000004   Code   RO         1274    i.MemManage_Handler  stm32l4xx_it.o
    0x08005128   0x08005128   0x00000004   Code   RO         1275    i.NMI_Handler       stm32l4xx_it.o
    0x0800512c   0x0800512c   0x00000070   Code   RO          237    i.Net_Init          esp8266.o
    0x0800519c   0x0800519c   0x0000018c   Code   RO         2675    i.RCCEx_PLLSAI1_Config  stm32l4xx_hal_rcc_ex.o
    0x08005328   0x08005328   0x00000164   Code   RO         2676    i.RCCEx_PLLSAI2_Config  stm32l4xx_hal_rcc_ex.o
    0x0800548c   0x0800548c   0x0000009c   Code   RO         2563    i.RCC_SetFlashLatencyFromMSIRange  stm32l4xx_hal_rcc.o
    0x08005528   0x08005528   0x0000001c   Code   RO         1154    i.SPI3_WriteByte    spi.o
    0x08005544   0x08005544   0x00000064   Code   RO         3841    i.SPI_EndRxTxTransaction  stm32l4xx_hal_spi.o
    0x080055a8   0x080055a8   0x000000fe   Code   RO         3846    i.SPI_WaitFifoStateUntilTimeout  stm32l4xx_hal_spi.o
    0x080056a6   0x080056a6   0x00000002   PAD
    0x080056a8   0x080056a8   0x000000de   Code   RO         3847    i.SPI_WaitFlagStateUntilTimeout  stm32l4xx_hal_spi.o
    0x08005786   0x08005786   0x00000002   PAD
    0x08005788   0x08005788   0x00000108   Code   RO         1088    i.STM32_StatusReport  freertos.o
    0x08005890   0x08005890   0x0000003c   Code   RO         1089    i.StartDefaultTask  freertos.o
    0x080058cc   0x080058cc   0x00000034   Code   RO         7083    i.SysTick_Handler   port.o
    0x08005900   0x08005900   0x00000072   Code   RO          976    i.SystemClock_Config  main.o
    0x08005972   0x08005972   0x00000002   PAD
    0x08005974   0x08005974   0x00000014   Code   RO         5642    i.SystemInit        system_stm32l4xx.o
    0x08005988   0x08005988   0x00000010   Code   RO         1276    i.TIM1_UP_TIM16_IRQHandler  stm32l4xx_it.o
    0x08005998   0x08005998   0x000000cc   Code   RO         4238    i.TIM_Base_SetConfig  stm32l4xx_hal_tim.o
    0x08005a64   0x08005a64   0x000000f8   Code   RO         5198    i.UART_AdvFeatureConfig  stm32l4xx_hal_uart.o
    0x08005b5c   0x08005b5c   0x00000072   Code   RO         5199    i.UART_CheckIdleState  stm32l4xx_hal_uart.o
    0x08005bce   0x08005bce   0x00000018   Code   RO         5200    i.UART_DMAAbortOnError  stm32l4xx_hal_uart.o
    0x08005be6   0x08005be6   0x00000064   Code   RO         5210    i.UART_EndRxTransfer  stm32l4xx_hal_uart.o
    0x08005c4a   0x08005c4a   0x0000002e   Code   RO         5211    i.UART_EndTransmit_IT  stm32l4xx_hal_uart.o
    0x08005c78   0x08005c78   0x0000036e   Code   RO         5215    i.UART_SetConfig    stm32l4xx_hal_uart.o
    0x08005fe6   0x08005fe6   0x000000f8   Code   RO         5220    i.UART_WaitOnFlagUntilTimeout  stm32l4xx_hal_uart.o
    0x080060de   0x080060de   0x00000002   PAD
    0x080060e0   0x080060e0   0x00000030   Code   RO         1277    i.USART1_IRQHandler  stm32l4xx_it.o
    0x08006110   0x08006110   0x00000054   Code   RO         1278    i.USART2_IRQHandler  stm32l4xx_it.o
    0x08006164   0x08006164   0x00000020   Code   RO          238    i.Uart_SendOneByte  esp8266.o
    0x08006184   0x08006184   0x00000004   Code   RO         1279    i.UsageFault_Handler  stm32l4xx_it.o
    0x08006188   0x08006188   0x00000020   Code   RO         7447    i.__0printf         mc_w.l(printfa.o)
    0x080061a8   0x080061a8   0x00000028   Code   RO         7449    i.__0sprintf        mc_w.l(printfa.o)
    0x080061d0   0x080061d0   0x00000030   Code   RO         7535    i.__ARM_fpclassify  m_wm.l(fpclassify.o)
    0x08006200   0x08006200   0x00000010   Code   RO         3598    i.__NVIC_GetPriorityGrouping  stm32l4xx_hal_cortex.o
    0x08006210   0x08006210   0x00000028   Code   RO         3599    i.__NVIC_SetPriority  stm32l4xx_hal_cortex.o
    0x08006238   0x08006238   0x00000c80   Code   RO         7171    i.__hardfp_pow      m_wm.l(pow.o)
    0x08006eb8   0x08006eb8   0x000000f8   Code   RO         7537    i.__kernel_poly     m_wm.l(poly.o)
    0x08006fb0   0x08006fb0   0x00000030   Code   RO         7521    i.__mathlib_dbl_divzero  m_wm.l(dunder.o)
    0x08006fe0   0x08006fe0   0x00000014   Code   RO         7523    i.__mathlib_dbl_infnan2  m_wm.l(dunder.o)
    0x08006ff4   0x08006ff4   0x00000004   PAD
    0x08006ff8   0x08006ff8   0x00000020   Code   RO         7524    i.__mathlib_dbl_invalid  m_wm.l(dunder.o)
    0x08007018   0x08007018   0x00000020   Code   RO         7525    i.__mathlib_dbl_overflow  m_wm.l(dunder.o)
    0x08007038   0x08007038   0x00000020   Code   RO         7527    i.__mathlib_dbl_underflow  m_wm.l(dunder.o)
    0x08007058   0x08007058   0x0000000e   Code   RO         7602    i.__scatterload_copy  mc_w.l(handlers.o)
    0x08007066   0x08007066   0x00000002   Code   RO         7603    i.__scatterload_null  mc_w.l(handlers.o)
    0x08007068   0x08007068   0x0000000e   Code   RO         7604    i.__scatterload_zeroinit  mc_w.l(handlers.o)
    0x08007076   0x08007076   0x00000002   PAD
    0x08007078   0x08007078   0x0000000c   Code   RO         7580    i.__set_errno       mc_w.l(errno.o)
    0x08007084   0x08007084   0x0000018a   Code   RO         7454    i._fp_digits        mc_w.l(printfa.o)
    0x0800720e   0x0800720e   0x00000002   PAD
    0x08007210   0x08007210   0x000006ba   Code   RO         7455    i._printf_core      mc_w.l(printfa.o)
    0x080078ca   0x080078ca   0x00000024   Code   RO         7456    i._printf_post_padding  mc_w.l(printfa.o)
    0x080078ee   0x080078ee   0x0000002e   Code   RO         7457    i._printf_pre_padding  mc_w.l(printfa.o)
    0x0800791c   0x0800791c   0x0000000a   Code   RO         7459    i._sputc            mc_w.l(printfa.o)
    0x08007926   0x08007926   0x00000002   PAD
    0x08007928   0x08007928   0x00000058   Code   RO         1434    i.cJSON_Delete      cjson.o
    0x08007980   0x08007980   0x0000000c   Code   RO         1442    i.cJSON_GetErrorPtr  cjson.o
    0x0800798c   0x0800798c   0x0000001e   Code   RO         1443    i.cJSON_GetObjectItem  cjson.o
    0x080079aa   0x080079aa   0x00000002   PAD
    0x080079ac   0x080079ac   0x00000020   Code   RO         1447    i.cJSON_New_Item    cjson.o
    0x080079cc   0x080079cc   0x00000010   Code   RO         1448    i.cJSON_Parse       cjson.o
    0x080079dc   0x080079dc   0x00000064   Code   RO         1449    i.cJSON_ParseWithOpts  cjson.o
    0x08007a40   0x08007a40   0x0000004c   Code   RO         1455    i.cJSON_strcasecmp  cjson.o
    0x08007a8c   0x08007a8c   0x0000008c   Code   RO         1090    i.countMedicine     freertos.o
    0x08007b18   0x08007b18   0x00000018   Code   RO         7161    i.fabs              m_wm.l(fabs.o)
    0x08007b30   0x08007b30   0x0000001c   Code   RO         1209    i.fputc             usart.o
    0x08007b4c   0x08007b4c   0x00000050   Code   RO         7475    i.free              mc_w.l(malloc.o)
    0x08007b9c   0x08007b9c   0x00000036   Code   RO          977    i.main              main.o
    0x08007bd2   0x08007bd2   0x0000000e   Code   RO         6648    i.makeFreeRtosPriority  cmsis_os.o
    0x08007be0   0x08007be0   0x0000006c   Code   RO         7476    i.malloc            mc_w.l(malloc.o)
    0x08007c4c   0x08007c4c   0x00000018   Code   RO         6650    i.osDelay           cmsis_os.o
    0x08007c64   0x08007c64   0x0000000a   Code   RO         6653    i.osKernelStart     cmsis_os.o
    0x08007c6e   0x08007c6e   0x0000005e   Code   RO         6687    i.osThreadCreate    cmsis_os.o
    0x08007ccc   0x08007ccc   0x000000ac   Code   RO         1459    i.parse_array       cjson.o
    0x08007d78   0x08007d78   0x00000114   Code   RO         1460    i.parse_hex4        cjson.o
    0x08007e8c   0x08007e8c   0x000001d4   Code   RO         1461    i.parse_number      cjson.o
    0x08008060   0x08008060   0x00000114   Code   RO         1462    i.parse_object      cjson.o
    0x08008174   0x08008174   0x000001d2   Code   RO         1463    i.parse_string      cjson.o
    0x08008346   0x08008346   0x00000002   PAD
    0x08008348   0x08008348   0x000000bc   Code   RO         1464    i.parse_value       cjson.o
    0x08008404   0x08008404   0x00000098   Code   RO         6319    i.prvAddCurrentTaskToDelayedList  tasks.o
    0x0800849c   0x0800849c   0x000000b4   Code   RO         6320    i.prvAddNewTaskToReadyList  tasks.o
    0x08008550   0x08008550   0x00000048   Code   RO         6321    i.prvCheckTasksWaitingTermination  tasks.o
    0x08008598   0x08008598   0x00000050   Code   RO         6322    i.prvDeleteTCB      tasks.o
    0x080085e8   0x080085e8   0x0000007c   Code   RO         7015    i.prvHeapInit       heap_4.o
    0x08008664   0x08008664   0x00000028   Code   RO         6323    i.prvIdleTask       tasks.o
    0x0800868c   0x0800868c   0x000000ba   Code   RO         6324    i.prvInitialiseNewTask  tasks.o
    0x08008746   0x08008746   0x00000002   PAD
    0x08008748   0x08008748   0x00000068   Code   RO         6325    i.prvInitialiseTaskLists  tasks.o
    0x080087b0   0x080087b0   0x00000068   Code   RO         7016    i.prvInsertBlockIntoFreeList  heap_4.o
    0x08008818   0x08008818   0x00000034   Code   RO         6326    i.prvResetNextTaskUnblockTime  tasks.o
    0x0800884c   0x0800884c   0x00000040   Code   RO         7084    i.prvTaskExitError  port.o
    0x0800888c   0x0800888c   0x0000014c   Code   RO         7017    i.pvPortMalloc      heap_4.o
    0x080089d8   0x080089d8   0x0000002c   Code   RO         7085    i.pxPortInitialiseStack  port.o
    0x08008a04   0x08008a04   0x00000012   Code   RO         1472    i.skip              cjson.o
    0x08008a16   0x08008a16   0x0000006e   Code   RO         7542    i.sqrt              m_wm.l(sqrt.o)
    0x08008a84   0x08008a84   0x00000028   Code   RO         5951    i.uxListRemove      list.o
    0x08008aac   0x08008aac   0x00000018   Code   RO         1091    i.vApplicationGetIdleTaskMemory  freertos.o
    0x08008ac4   0x08008ac4   0x0000001a   Code   RO         5952    i.vListInitialise   list.o
    0x08008ade   0x08008ade   0x00000006   Code   RO         5953    i.vListInitialiseItem  list.o
    0x08008ae4   0x08008ae4   0x00000034   Code   RO         5954    i.vListInsert       list.o
    0x08008b18   0x08008b18   0x00000018   Code   RO         5955    i.vListInsertEnd    list.o
    0x08008b30   0x08008b30   0x00000054   Code   RO         7087    i.vPortEnterCritical  port.o
    0x08008b84   0x08008b84   0x0000003c   Code   RO         7088    i.vPortExitCritical  port.o
    0x08008bc0   0x08008bc0   0x000000a4   Code   RO         7018    i.vPortFree         heap_4.o
    0x08008c64   0x08008c64   0x00000028   Code   RO         7089    i.vPortSetupTimerInterrupt  port.o
    0x08008c8c   0x08008c8c   0x0000005c   Code   RO         6335    i.vTaskDelay        tasks.o
    0x08008ce8   0x08008ce8   0x000000b0   Code   RO         6348    i.vTaskStartScheduler  tasks.o
    0x08008d98   0x08008d98   0x00000010   Code   RO         6350    i.vTaskSuspendAll   tasks.o
    0x08008da8   0x08008da8   0x0000008c   Code   RO         6351    i.vTaskSwitchContext  tasks.o
    0x08008e34   0x08008e34   0x00000168   Code   RO         7091    i.xPortStartScheduler  port.o
    0x08008f9c   0x08008f9c   0x0000006a   Code   RO         6354    i.xTaskCreate       tasks.o
    0x08009006   0x08009006   0x000000c0   Code   RO         6355    i.xTaskCreateStatic  tasks.o
    0x080090c6   0x080090c6   0x00000002   PAD
    0x080090c8   0x080090c8   0x00000148   Code   RO         6362    i.xTaskIncrementTick  tasks.o
    0x08009210   0x08009210   0x00000104   Code   RO         6368    i.xTaskResumeAll    tasks.o
    0x08009314   0x08009314   0x00000004   Data   RO          240    .constdata          esp8266.o
    0x08009318   0x08009318   0x00004bb4   Data   RO          373    .constdata          lcd.o
    0x0800decc   0x0800decc   0x00000024   Data   RO          648    .constdata          iot_emqx.o
    0x0800def0   0x0800def0   0x00000054   Data   RO         1093    .constdata          freertos.o
    0x0800df44   0x0800df44   0x00000007   Data   RO         1475    .constdata          cjson.o
    0x0800df4b   0x0800df4b   0x00000001   PAD
    0x0800df4c   0x0800df4c   0x00000048   Data   RO         5643    .constdata          system_stm32l4xx.o
    0x0800df94   0x0800df94   0x00000004   PAD
    0x0800df98   0x0800df98   0x00000088   Data   RO         7174    .constdata          m_wm.l(pow.o)
    0x0800e020   0x0800e020   0x00000008   Data   RO         7539    .constdata          m_wm.l(qnan.o)
    0x0800e028   0x0800e028   0x0000000a   Data   RO          241    .conststring        esp8266.o
    0x0800e032   0x0800e032   0x00000002   PAD
    0x0800e034   0x0800e034   0x00000056   Data   RO          649    .conststring        iot_emqx.o
    0x0800e08a   0x0800e08a   0x00000002   PAD
    0x0800e08c   0x0800e08c   0x00000025   Data   RO         1094    .conststring        freertos.o
    0x0800e0b1   0x0800e0b1   0x00000003   PAD
    0x0800e0b4   0x0800e0b4   0x00000020   Data   RO         7600    Region$$Table       anon$$obj.o


    Execution Region RW_IRAM2 (Exec base: 0x10000000, Load base: 0x0800e194, Size: 0x00000000, Max: 0x00008000, ABSOLUTE)

    **** No section assigned to this execution region ****


    Execution Region RW_IRAM1 (Exec base: 0x20000000, Load base: 0x0800e0d4, Size: 0x00002f90, Max: 0x00018000, ABSOLUTE)

    Exec Addr    Load Addr    Size         Type   Attr      Idx    E Section Name        Object

    0x20000000   0x0800e0d4   0x00000004   Data   RW          242    .data               esp8266.o
    0x20000004   0x0800e0d8   0x00000004   Data   RW          374    .data               lcd.o
    0x20000008   0x0800e0dc   0x00000003   Data   RW          595    .data               deel_mqtt.o
    0x2000000b   0x0800e0df   0x00000001   PAD
    0x2000000c   0x0800e0e0   0x00000002   Data   RW          650    .data               iot_emqx.o
    0x2000000e   0x0800e0e2   0x00000002   PAD
    0x20000010   0x0800e0e4   0x0000001c   Data   RW         1095    .data               freertos.o
    0x2000002c   0x0800e100   0x00000004   Data   RW         1211    .data               usart.o
    0x20000030   0x0800e104   0x0000000c   Data   RW         1476    .data               cjson.o
    0x2000003c   0x0800e110   0x00000009   Data   RW         1824    .data               stm32l4xx_hal.o
    0x20000045   0x0800e119   0x00000003   PAD
    0x20000048   0x0800e11c   0x00000004   Data   RW         5644    .data               system_stm32l4xx.o
    0x2000004c   0x0800e120   0x0000003c   Data   RW         6371    .data               tasks.o
    0x20000088   0x0800e15c   0x00000020   Data   RW         7024    .data               heap_4.o
    0x200000a8   0x0800e17c   0x0000000c   Data   RW         7092    .data               port.o
    0x200000b4   0x0800e188   0x00000004   Data   RW         7576    .data               mc_w.l(mvars.o)
    0x200000b8   0x0800e18c   0x00000004   Data   RW         7577    .data               mc_w.l(mvars.o)
    0x200000bc   0x0800e190   0x00000004   Data   RW         7581    .data               mc_w.l(errno.o)
    0x200000c0        -       0x00000400   Zero   RW          239    .bss                esp8266.o
    0x200004c0        -       0x00000480   Zero   RW          372    .bss                lcd.o
    0x20000940        -       0x0000014a   Zero   RW          593    .bss                deel_mqtt.o
    0x20000a8a   0x0800e194   0x00000002   PAD
    0x20000a8c        -       0x0000000c   Zero   RW          647    .bss                iot_emqx.o
    0x20000a98        -       0x00000294   Zero   RW         1092    .bss                freertos.o
    0x20000d2c        -       0x00000064   Zero   RW         1155    .bss                spi.o
    0x20000d90        -       0x00000108   Zero   RW         1210    .bss                usart.o
    0x20000e98        -       0x0000004c   Zero   RW         1384    .bss                stm32l4xx_hal_timebase_tim.o
    0x20000ee4        -       0x000000f0   Zero   RW         6370    .bss                tasks.o
    0x20000fd4        -       0x00000bb8   Zero   RW         7023    .bss                heap_4.o
    0x20001b8c   0x0800e194   0x00000004   PAD
    0x20001b90        -       0x00000a00   Zero   RW         1780    HEAP                startup_stm32l475xx.o
    0x20002590        -       0x00000a00   Zero   RW         1779    STACK               startup_stm32l475xx.o



  Load Region LR$$.ARM.__AT_0x68000000 (Base: 0x68000000, Size: 0x00000000, Max: 0x0000a000, ABSOLUTE)

    Execution Region ER$$.ARM.__AT_0x68000000 (Exec base: 0x68000000, Load base: 0x68000000, Size: 0x0000a000, Max: 0x0000a000, ABSOLUTE, UNINIT)

    Exec Addr    Load Addr    Size         Type   Attr      Idx    E Section Name        Object

    0x68000000        -       0x0000a000   Zero   RW          890    .ARM.__AT_0x68000000  malloc.o



  Load Region LR$$.ARM.__AT_0x6800A000 (Base: 0x6800a000, Size: 0x00000000, Max: 0x00000a00, ABSOLUTE)

    Execution Region ER$$.ARM.__AT_0x6800A000 (Exec base: 0x6800a000, Load base: 0x6800a000, Size: 0x00000a00, Max: 0x00000a00, ABSOLUTE, UNINIT)

    Exec Addr    Load Addr    Size         Type   Attr      Idx    E Section Name        Object

    0x6800a000        -       0x00000a00   Zero   RW          891    .ARM.__AT_0x6800A000  malloc.o


==============================================================================

Image component sizes


      Code (inc. data)   RO Data    RW Data    ZI Data      Debug   Object Name

      1230        104          0          0          0     848153   aht10.o
      2218        108          7         12          0      12901   cjson.o
       142          0          0          0          0      22915   cmsis_os.o
         0          0          0          3        330        729   deel_mqtt.o
      1042        364         14          4       1024       8378   esp8266.o
         0          0          0          0          0      15372   event_groups.o
       584        178        121         28        660       4459   freertos.o
       452         20          0          0          0       1155   gpio.o
       724         74          0         32       3000       7347   heap_4.o
      2156       1026        122          2         12       7698   iot_emqx.o
      1680         58      19380          4       1152       8745   lcd.o
       148          0          0          0          0       3506   list.o
       290         10          0          0          0      34829   main.o
         0          0          0          0      43520       1473   malloc.o
      2696         26          0          0          0      18840   mqttkit.o
       926         78          0         12          0      11028   port.o
       228         28          0          0        100       2226   spi.o
        36          8        392          0       5120        792   startup_stm32l475xx.o
       106         18          0          9          0      13630   stm32l4xx_hal.o
       266         22          0          0          0      33510   stm32l4xx_hal_cortex.o
       182          0          0          0          0       1727   stm32l4xx_hal_dma.o
       582         42          0          0          0       3975   stm32l4xx_hal_gpio.o
        72          4          0          0          0        830   stm32l4xx_hal_msp.o
       156         18          0          0          0       1334   stm32l4xx_hal_pwr_ex.o
      2748        120          0          0          0       7889   stm32l4xx_hal_rcc.o
      1988         48          0          0          0       3896   stm32l4xx_hal_rcc_ex.o
      1312         12          0          0          0       5458   stm32l4xx_hal_spi.o
       932         64          0          0          0       6426   stm32l4xx_hal_tim.o
         6          0          0          0          0       2152   stm32l4xx_hal_tim_ex.o
       136         18          0          0         76       1435   stm32l4xx_hal_timebase_tim.o
      2836         64          0          0          0      11835   stm32l4xx_hal_uart.o
         2          0          0          0          0        948   stm32l4xx_hal_uart_ex.o
       210         30          0          0          0       5260   stm32l4xx_it.o
        20          6         72          4          0       1153   system_stm32l4xx.o
      2176        270          0         60        240      20245   tasks.o
       488         36          0          4        264       4263   usart.o

    ----------------------------------------------------------------------
     28820       2854      20152        180      55504    1136512   Object Totals
         0          0         32          0          0          0   (incl. Generated)
        50          0         12          6          6          0   (incl. Padding)

    ----------------------------------------------------------------------

      Code (inc. data)   RO Data    RW Data    ZI Data      Debug   Library Member Name

       164         44          0          0          0        620   dunder.o
        24          0          0          0          0        124   fabs.o
        48          0          0          0          0        124   fpclassify.o
       248          0          0          0          0        152   poly.o
      3200        296        136          0          0        352   pow.o
         0          0          8          0          0          0   qnan.o
       110          0          0          0          0        148   sqrt.o
         0          0          0          0          0          0   entry.o
         0          0          0          0          0          0   entry10a.o
         0          0          0          0          0          0   entry11a.o
         4          0          0          0          0          0   entry12b.o
         8          4          0          0          0          0   entry2.o
         4          0          0          0          0          0   entry5.o
         0          0          0          0          0          0   entry7b.o
         0          0          0          0          0          0   entry8b.o
         8          4          0          0          0          0   entry9a.o
        12          6          0          4          0         68   errno.o
        30          0          0          0          0          0   handlers.o
        36          8          0          0          0         68   init.o
         0          0          0          0          0          0   iusefp.o
        30          0          0          0          0         68   llshl.o
        36          0          0          0          0         68   llsshr.o
        32          0          0          0          0         68   llushr.o
       188         20          0          0          0        160   malloc.o
        36          0          0          0          0         68   memcpya.o
        36          0          0          0          0        108   memseta.o
         0          0          0          8          0          0   mvars.o
      2280         96          0          0          0        616   printfa.o
        20          0          0          0          0         68   strchr.o
        14          0          0          0          0         68   strlen.o
        40          0          0          0          0         76   strncat.o
        30          0          0          0          0         80   strncmp.o
        36          0          0          0          0         80   strstr.o
        12          0          0          0          0         68   tolower.o
        44          0          0          0          0         80   uidiv.o
       104          0          0          0          0         92   uldiv.o
        48          0          0          0          0         68   cdrcmple.o
        56          0          0          0          0         88   d2f.o
       350          0          0          0          0        148   dadd.o
       222          0          0          0          0        100   ddiv.o
       186          0          0          0          0        176   depilogue.o
        62          0          0          0          0         80   dfixi.o
        48          0          0          0          0         68   dfixul.o
        34          0          0          0          0         76   dflti.o
       234          0          0          0          0         96   dmul.o
        46          0          0          0          0         80   dscalb.o
       162          0          0          0          0        100   dsqrt.o
        38          0          0          0          0         68   f2d.o
       110          0          0          0          0        168   fepilogue.o

    ----------------------------------------------------------------------
      8440        478        144         12          0       4740   Library Totals
        10          0          0          0          0          0   (incl. Padding)

    ----------------------------------------------------------------------

      Code (inc. data)   RO Data    RW Data    ZI Data      Debug   Library Name

      3794        340        144          0          0       1520   m_wm.l
      3040        138          0         12          0       1904   mc_w.l
      1596          0          0          0          0       1316   mf_w.l

    ----------------------------------------------------------------------
      8440        478        144         12          0       4740   Library Totals

    ----------------------------------------------------------------------

==============================================================================


      Code (inc. data)   RO Data    RW Data    ZI Data      Debug   

     37260       3332      20296        192      55504    1119088   Grand Totals
     37260       3332      20296        192      55504    1119088   ELF Image Totals
     37260       3332      20296        192          0          0   ROM Totals

==============================================================================

    Total RO  Size (Code + RO Data)                57556 (  56.21kB)
    Total RW  Size (RW Data + ZI Data)             55696 (  54.39kB)
    Total ROM Size (Code + RO Data + RW Data)      57748 (  56.39kB)

==============================================================================

