<html>
<body>
<pre>
<h1>µVision Build Log</h1>
<h2>Tool Versions:</h2>
IDE-Version: ¦ÌVision V5.36.0.0
Copyright (C) 2021 ARM Ltd and ARM Germany GmbH. All rights reserved.
License Information: Ray C02, HXG, LIC=VGXG8-3U9SC-NNRAF-6D6RS-WLZ24-EPCSF
 
Tool Versions:
Toolchain:       MDK-ARM Plus  Version: 5.36.0.0
Toolchain Path:  E:\Keil_v5\ARM\ARMCC\Bin
C Compiler:      Armcc.exe V5.06 update 7 (build 960)
Assembler:       Armasm.exe V5.06 update 7 (build 960)
Linker/Locator:  ArmLink.exe V5.06 update 7 (build 960)
Library Manager: ArmAr.exe V5.06 update 7 (build 960)
Hex Converter:   FromElf.exe V5.06 update 7 (build 960)
CPU DLL:         SARMCM3.DLL V5.36.0.0
Dialog DLL:      DCM.DLL V1.17.3.0
Target DLL:      STLink\ST-LINKIII-KEIL_SWO.dll V3.0.9.0
Dialog DLL:      TCM.DLL V1.53.0.0
 
<h2>Project:</h2>
E:\Stm32l4_ws\A_test\work1\MDK-ARM\work1.uvprojx
Project File Date:  12/29/2022

<h2>Output:</h2>
*** Using Compiler 'V5.06 update 7 (build 960)', folder: 'E:\Keil_v5\ARM\ARMCC\Bin'
Build target 'work1'
compiling iot_emqx.c...
..\Core\iot\iot_emqx.c(205): warning:  #167-D: argument of type "u8 *" is incompatible with parameter of type "char *restrict"
  						sprintf(TEXT_Buffer,"%d",medAll);
..\Core\iot\iot_emqx.c(221): warning:  #167-D: argument of type "char *" is incompatible with parameter of type "const unsigned char *"
  								Utf_8ToGbk(medName,strlen(medName),medNameOut,&memAddr);
..\Core\iot\iot_emqx.c(221): warning:  #167-D: argument of type "char *" is incompatible with parameter of type "unsigned char *"
  								Utf_8ToGbk(medName,strlen(medName),medNameOut,&memAddr);
..\Core\iot\iot_emqx.c(228): warning:  #167-D: argument of type "u8 *" is incompatible with parameter of type "char *restrict"
  								sprintf(TEXT_Buffer,"%d",medAll);
..\Core\iot\iot_emqx.c: 4 warnings, 0 errors
linking...
Program Size: Code=43908 RO-data=110536 RW-data=248 ZI-data=60064  
FromELF: creating hex file...
"work1\work1.axf" - 0 Error(s), 4 Warning(s).

<h2>Software Packages used:</h2>

Package Vendor: ARM
                http://www.keil.com/pack/ARM.CMSIS.5.9.0.pack
                ARM.CMSIS.5.9.0
                CMSIS (Common Microcontroller Software Interface Standard)
   * Component: CORE Version: 5.6.0

Package Vendor: Keil
                http://www.keil.com/pack/Keil.STM32L4xx_DFP.2.5.0.pack
                Keil.STM32L4xx_DFP.2.5.0
                STMicroelectronics STM32L4 Series Device Support, Drivers and Examples

<h2>Collection of Component include folders:</h2>
  .\RTE\_work1
  E:\Keil_v5\Packs\ARM\CMSIS\5.9.0\CMSIS\Core\Include
  E:\Keil_v5\Packs\Keil\STM32L4xx_DFP\2.5.0\Drivers\CMSIS\Device\ST\STM32L4xx\Include

<h2>Collection of Component Files used:</h2>

   * Component: ARM::CMSIS:CORE:5.6.0
      Include file:  CMSIS\Core\Include\tz_context.h
Build Time Elapsed:  00:00:03
</pre>
</body>
</html>
